Starting a Gradle Daemon, 1 busy and 18 stopped Daemons could not be reused, use --status for details
> Task :merchant-limit-service:compileJava UP-TO-DATE
> Task :merchant-limit-service:processResources UP-TO-DATE
> Task :merchant-limit-service:classes UP-TO-DATE
> Task :merchant-limit-service:resolveMainClassName UP-TO-DATE

> Task :merchant-limit-service:bootRun

  .   ____          _            __ _ _
 /\\ / ___'_ __ _ _(_)_ __  __ _ \ \ \ \
( ( )\___ | '_ | '_| | '_ \/ _` | \ \ \ \
 \\/  ___)| |_)| | | | | || (_| |  ) ) ) )
  '  |____| .__|_| |_|_| |_\__, | / / / /
 =========|_|==============|___/=/_/_/_/

[32m :: Spring Boot :: [39m              [2m (v4.0.5)[0;39m

[2m2026-04-27T21:42:32.389+09:00[0;39m [32m INFO[0;39m [35m57760[0;39m [2m--- [merchant-limit-service] [           main] [0;39m[36mc.e.m.MerchantLimitApplication          [0;39m [2m:[0;39m Starting MerchantLimitApplication using Java 22 with PID 57760 (/Users/juho/IdeaProjects/multicommerce/merchant-limit-service/build/classes/java/main started by juho in /Users/juho/IdeaProjects/multicommerce/merchant-limit-service)
[2m2026-04-27T21:42:32.393+09:00[0;39m [32m INFO[0;39m [35m57760[0;39m [2m--- [merchant-limit-service] [           main] [0;39m[36mc.e.m.MerchantLimitApplication          [0;39m [2m:[0;39m No active profile set, falling back to 1 default profile: "default"
[2m2026-04-27T21:42:32.702+09:00[0;39m [32m INFO[0;39m [35m57760[0;39m [2m--- [merchant-limit-service] [           main] [0;39m[36m.s.d.r.c.RepositoryConfigurationDelegate[0;39m [2m:[0;39m Multiple Spring Data modules found, entering strict repository configuration mode
[2m2026-04-27T21:42:32.702+09:00[0;39m [32m INFO[0;39m [35m57760[0;39m [2m--- [merchant-limit-service] [           main] [0;39m[36m.s.d.r.c.RepositoryConfigurationDelegate[0;39m [2m:[0;39m Bootstrapping Spring Data JPA repositories in DEFAULT mode.
[2m2026-04-27T21:42:32.779+09:00[0;39m [32m INFO[0;39m [35m57760[0;39m [2m--- [merchant-limit-service] [           main] [0;39m[36m.s.d.r.c.RepositoryConfigurationDelegate[0;39m [2m:[0;39m Finished Spring Data repository scanning in 72 ms. Found 4 JPA repository interfaces.
[2m2026-04-27T21:42:32.849+09:00[0;39m [32m INFO[0;39m [35m57760[0;39m [2m--- [merchant-limit-service] [           main] [0;39m[36m.s.d.r.c.RepositoryConfigurationDelegate[0;39m [2m:[0;39m Multiple Spring Data modules found, entering strict repository configuration mode
[2m2026-04-27T21:42:32.849+09:00[0;39m [32m INFO[0;39m [35m57760[0;39m [2m--- [merchant-limit-service] [           main] [0;39m[36m.s.d.r.c.RepositoryConfigurationDelegate[0;39m [2m:[0;39m Bootstrapping Spring Data Redis repositories in DEFAULT mode.
[2m2026-04-27T21:42:32.870+09:00[0;39m [32m INFO[0;39m [35m57760[0;39m [2m--- [merchant-limit-service] [           main] [0;39m[36m.RepositoryConfigurationExtensionSupport[0;39m [2m:[0;39m Spring Data Redis - Could not safely identify store assignment for repository candidate interface com.example.merchantlimit.infrastructure.persistence.LimitEventOutboxJpaRepository; If you want this repository to be a Redis repository, consider annotating your entities with one of these annotations: org.springframework.data.redis.core.RedisHash (preferred), or consider extending one of the following types with your repository: org.springframework.data.keyvalue.repository.KeyValueRepository
[2m2026-04-27T21:42:32.870+09:00[0;39m [32m INFO[0;39m [35m57760[0;39m [2m--- [merchant-limit-service] [           main] [0;39m[36m.RepositoryConfigurationExtensionSupport[0;39m [2m:[0;39m Spring Data Redis - Could not safely identify store assignment for repository candidate interface com.example.merchantlimit.infrastructure.persistence.LimitHistoryJpaRepository; If you want this repository to be a Redis repository, consider annotating your entities with one of these annotations: org.springframework.data.redis.core.RedisHash (preferred), or consider extending one of the following types with your repository: org.springframework.data.keyvalue.repository.KeyValueRepository
[2m2026-04-27T21:42:32.871+09:00[0;39m [32m INFO[0;39m [35m57760[0;39m [2m--- [merchant-limit-service] [           main] [0;39m[36m.RepositoryConfigurationExtensionSupport[0;39m [2m:[0;39m Spring Data Redis - Could not safely identify store assignment for repository candidate interface com.example.merchantlimit.infrastructure.persistence.MerchantCancelLimitJpaRepository; If you want this repository to be a Redis repository, consider annotating your entities with one of these annotations: org.springframework.data.redis.core.RedisHash (preferred), or consider extending one of the following types with your repository: org.springframework.data.keyvalue.repository.KeyValueRepository
[2m2026-04-27T21:42:32.871+09:00[0;39m [32m INFO[0;39m [35m57760[0;39m [2m--- [merchant-limit-service] [           main] [0;39m[36m.RepositoryConfigurationExtensionSupport[0;39m [2m:[0;39m Spring Data Redis - Could not safely identify store assignment for repository candidate interface com.example.merchantlimit.infrastructure.persistence.MerchantJpaRepository; If you want this repository to be a Redis repository, consider annotating your entities with one of these annotations: org.springframework.data.redis.core.RedisHash (preferred), or consider extending one of the following types with your repository: org.springframework.data.keyvalue.repository.KeyValueRepository
[2m2026-04-27T21:42:32.872+09:00[0;39m [32m INFO[0;39m [35m57760[0;39m [2m--- [merchant-limit-service] [           main] [0;39m[36m.s.d.r.c.RepositoryConfigurationDelegate[0;39m [2m:[0;39m Finished Spring Data repository scanning in 14 ms. Found 0 Redis repository interfaces.
[2m2026-04-27T21:42:33.079+09:00[0;39m [32m INFO[0;39m [35m57760[0;39m [2m--- [merchant-limit-service] [           main] [0;39m[36mo.s.boot.tomcat.TomcatWebServer         [0;39m [2m:[0;39m Tomcat initialized with port 8082 (http)
[2m2026-04-27T21:42:33.086+09:00[0;39m [32m INFO[0;39m [35m57760[0;39m [2m--- [merchant-limit-service] [           main] [0;39m[36mo.apache.catalina.core.StandardService  [0;39m [2m:[0;39m Starting service [Tomcat]
[2m2026-04-27T21:42:33.086+09:00[0;39m [32m INFO[0;39m [35m57760[0;39m [2m--- [merchant-limit-service] [           main] [0;39m[36mo.apache.catalina.core.StandardEngine   [0;39m [2m:[0;39m Starting Servlet engine: [Apache Tomcat/11.0.20]
[2m2026-04-27T21:42:33.115+09:00[0;39m [32m INFO[0;39m [35m57760[0;39m [2m--- [merchant-limit-service] [           main] [0;39m[36mb.w.c.s.WebApplicationContextInitializer[0;39m [2m:[0;39m Root WebApplicationContext: initialization completed in 692 ms
[2m2026-04-27T21:42:33.338+09:00[0;39m [32m INFO[0;39m [35m57760[0;39m [2m--- [merchant-limit-service] [           main] [0;39m[36mcom.zaxxer.hikari.HikariDataSource      [0;39m [2m:[0;39m HikariPool-1 - Starting...
[2m2026-04-27T21:42:33.432+09:00[0;39m [32m INFO[0;39m [35m57760[0;39m [2m--- [merchant-limit-service] [           main] [0;39m[36mcom.zaxxer.hikari.pool.HikariPool       [0;39m [2m:[0;39m HikariPool-1 - Added connection com.mysql.cj.jdbc.ConnectionImpl@467af68c
[2m2026-04-27T21:42:33.433+09:00[0;39m [32m INFO[0;39m [35m57760[0;39m [2m--- [merchant-limit-service] [           main] [0;39m[36mcom.zaxxer.hikari.HikariDataSource      [0;39m [2m:[0;39m HikariPool-1 - Start completed.
[2m2026-04-27T21:42:33.456+09:00[0;39m [32m INFO[0;39m [35m57760[0;39m [2m--- [merchant-limit-service] [           main] [0;39m[36morg.flywaydb.core.FlywayExecutor        [0;39m [2m:[0;39m Database: jdbc:mysql://localhost:3308/merchant_db?serverTimezone=UTC&useSSL=false&allowPublicKeyRetrieval=true (MySQL 8.0)
[2m2026-04-27T21:42:33.702+09:00[0;39m [32m INFO[0;39m [35m57760[0;39m [2m--- [merchant-limit-service] [           main] [0;39m[36mo.f.c.i.s.JdbcTableSchemaHistory        [0;39m [2m:[0;39m Schema history table `merchant_db`.`flyway_schema_history` does not exist yet
[2m2026-04-27T21:42:33.704+09:00[0;39m [32m INFO[0;39m [35m57760[0;39m [2m--- [merchant-limit-service] [           main] [0;39m[36mo.f.core.internal.command.DbValidate    [0;39m [2m:[0;39m Successfully validated 1 migration (execution time 00:00.011s)
[2m2026-04-27T21:42:33.724+09:00[0;39m [32m INFO[0;39m [35m57760[0;39m [2m--- [merchant-limit-service] [           main] [0;39m[36mo.f.c.i.s.JdbcTableSchemaHistory        [0;39m [2m:[0;39m Creating Schema History table `merchant_db`.`flyway_schema_history` ...
[2m2026-04-27T21:42:33.772+09:00[0;39m [32m INFO[0;39m [35m57760[0;39m [2m--- [merchant-limit-service] [           main] [0;39m[36mo.f.core.internal.command.DbMigrate     [0;39m [2m:[0;39m Current version of schema `merchant_db`: << Empty Schema >>
[2m2026-04-27T21:42:33.778+09:00[0;39m [32m INFO[0;39m [35m57760[0;39m [2m--- [merchant-limit-service] [           main] [0;39m[36mo.f.core.internal.command.DbMigrate     [0;39m [2m:[0;39m Migrating schema `merchant_db` to version "1 - create merchant limit core"
[2m2026-04-27T21:42:33.830+09:00[0;39m [32m INFO[0;39m [35m57760[0;39m [2m--- [merchant-limit-service] [           main] [0;39m[36mo.f.core.internal.command.DbMigrate     [0;39m [2m:[0;39m Successfully applied 1 migration to schema `merchant_db`, now at version v1 (execution time 00:00.038s)
[2m2026-04-27T21:42:33.863+09:00[0;39m [32m INFO[0;39m [35m57760[0;39m [2m--- [merchant-limit-service] [           main] [0;39m[36morg.hibernate.orm.jpa                   [0;39m [2m:[0;39m HHH008540: Processing PersistenceUnitInfo [name: default]
[2m2026-04-27T21:42:33.887+09:00[0;39m [32m INFO[0;39m [35m57760[0;39m [2m--- [merchant-limit-service] [           main] [0;39m[36morg.hibernate.orm.core                  [0;39m [2m:[0;39m HHH000001: Hibernate ORM core version 7.2.7.Final
[2m2026-04-27T21:42:34.055+09:00[0;39m [32m INFO[0;39m [35m57760[0;39m [2m--- [merchant-limit-service] [           main] [0;39m[36mo.s.o.j.p.SpringPersistenceUnitInfo     [0;39m [2m:[0;39m No LoadTimeWeaver setup: ignoring JPA class transformer
[2m2026-04-27T21:42:34.116+09:00[0;39m [32m INFO[0;39m [35m57760[0;39m [2m--- [merchant-limit-service] [           main] [0;39m[36morg.hibernate.orm.connections.pooling   [0;39m [2m:[0;39m HHH10001005: Database info:
	Database JDBC URL [jdbc:mysql://localhost:3308/merchant_db?serverTimezone=UTC&useSSL=false&allowPublicKeyRetrieval=true]
	Database driver: MySQL Connector/J
	Database dialect: MySQLDialect
	Database version: 8.0.46
	Default catalog/schema: merchant_db/undefined
	Autocommit mode: undefined/unknown
	Isolation level: REPEATABLE_READ [default REPEATABLE_READ]
	JDBC fetch size: none
	Pool: DataSourceConnectionProvider
	Minimum pool size: undefined/unknown
	Maximum pool size: undefined/unknown
[2m2026-04-27T21:42:34.808+09:00[0;39m [32m INFO[0;39m [35m57760[0;39m [2m--- [merchant-limit-service] [           main] [0;39m[36morg.hibernate.orm.core                  [0;39m [2m:[0;39m HHH000489: No JTA platform available (set 'hibernate.transaction.jta.platform' to enable JTA platform integration)
[2m2026-04-27T21:42:34.834+09:00[0;39m [32m INFO[0;39m [35m57760[0;39m [2m--- [merchant-limit-service] [           main] [0;39m[36mj.LocalContainerEntityManagerFactoryBean[0;39m [2m:[0;39m Initialized JPA EntityManagerFactory for persistence unit 'default'
[2m2026-04-27T21:42:34.879+09:00[0;39m [32m INFO[0;39m [35m57760[0;39m [2m--- [merchant-limit-service] [           main] [0;39m[36mo.s.d.j.r.query.QueryEnhancerFactories  [0;39m [2m:[0;39m Hibernate is in classpath; If applicable, HQL parser will be used.
[2m2026-04-27T21:42:35.089+09:00[0;39m [33m WARN[0;39m [35m57760[0;39m [2m--- [merchant-limit-service] [           main] [0;39m[36mi.n.r.d.DnsServerAddressStreamProviders [0;39m [2m:[0;39m Can not find io.netty.resolver.dns.macos.MacOSDnsServerAddressStreamProvider in the classpath, fallback to system defaults. This may result in incorrect DNS resolutions on MacOS. Check whether you have a dependency on 'io.netty:netty-resolver-dns-native-macos'
[2m2026-04-27T21:42:35.241+09:00[0;39m [33m WARN[0;39m [35m57760[0;39m [2m--- [merchant-limit-service] [           main] [0;39m[36mJpaBaseConfiguration$JpaWebConfiguration[0;39m [2m:[0;39m spring.jpa.open-in-view is enabled by default. Therefore, database queries may be performed during view rendering. Explicitly configure spring.jpa.open-in-view to disable this warning
[2m2026-04-27T21:42:35.397+09:00[0;39m [32m INFO[0;39m [35m57760[0;39m [2m--- [merchant-limit-service] [           main] [0;39m[36mo.s.boot.tomcat.TomcatWebServer         [0;39m [2m:[0;39m Tomcat started on port 8082 (http) with context path '/'
[2m2026-04-27T21:42:35.401+09:00[0;39m [32m INFO[0;39m [35m57760[0;39m [2m--- [merchant-limit-service] [           main] [0;39m[36mc.e.m.MerchantLimitApplication          [0;39m [2m:[0;39m Started MerchantLimitApplication in 3.245 seconds (process running for 3.434)
[2m2026-04-27T21:42:36.173+09:00[0;39m [32m INFO[0;39m [35m57760[0;39m [2m--- [merchant-limit-service] [nio-8082-exec-1] [0;39m[36mo.a.c.c.C.[Tomcat].[localhost].[/]      [0;39m [2m:[0;39m Initializing Spring DispatcherServlet 'dispatcherServlet'
[2m2026-04-27T21:42:36.173+09:00[0;39m [32m INFO[0;39m [35m57760[0;39m [2m--- [merchant-limit-service] [nio-8082-exec-1] [0;39m[36mo.s.web.servlet.DispatcherServlet       [0;39m [2m:[0;39m Initializing Servlet 'dispatcherServlet'
[2m2026-04-27T21:42:36.174+09:00[0;39m [32m INFO[0;39m [35m57760[0;39m [2m--- [merchant-limit-service] [nio-8082-exec-1] [0;39m[36mo.s.web.servlet.DispatcherServlet       [0;39m [2m:[0;39m Completed initialization in 1 ms
[2m2026-04-27T21:42:36.189+09:00[0;39m [31mERROR[0;39m [35m57760[0;39m [2m--- [merchant-limit-service] [nio-8082-exec-1] [0;39m[36mc.e.m.p.GlobalExceptionHandler          [0;39m [2m:[0;39m Unexpected error

org.springframework.web.servlet.resource.NoResourceFoundException: No static resource actuator/health for request '/actuator/health'.
	at org.springframework.web.servlet.resource.ResourceHttpRequestHandler.handleRequest(ResourceHttpRequestHandler.java:527) ~[spring-webmvc-7.0.6.jar:7.0.6]
	at org.springframework.web.servlet.mvc.HttpRequestHandlerAdapter.handle(HttpRequestHandlerAdapter.java:50) ~[spring-webmvc-7.0.6.jar:7.0.6]
	at org.springframework.web.servlet.DispatcherServlet.doDispatch(DispatcherServlet.java:963) ~[spring-webmvc-7.0.6.jar:7.0.6]
	at org.springframework.web.servlet.DispatcherServlet.doService(DispatcherServlet.java:866) ~[spring-webmvc-7.0.6.jar:7.0.6]
	at org.springframework.web.servlet.FrameworkServlet.processRequest(FrameworkServlet.java:1000) ~[spring-webmvc-7.0.6.jar:7.0.6]
	at org.springframework.web.servlet.FrameworkServlet.doGet(FrameworkServlet.java:892) ~[spring-webmvc-7.0.6.jar:7.0.6]
	at jakarta.servlet.http.HttpServlet.service(HttpServlet.java:622) ~[tomcat-embed-core-11.0.20.jar:6.1]
	at org.springframework.web.servlet.FrameworkServlet.service(FrameworkServlet.java:874) ~[spring-webmvc-7.0.6.jar:7.0.6]
	at jakarta.servlet.http.HttpServlet.service(HttpServlet.java:710) ~[tomcat-embed-core-11.0.20.jar:6.1]
	at org.apache.catalina.core.ApplicationFilterChain.doFilter(ApplicationFilterChain.java:128) ~[tomcat-embed-core-11.0.20.jar:11.0.20]
	at org.apache.tomcat.websocket.server.WsFilter.doFilter(WsFilter.java:53) ~[tomcat-embed-websocket-11.0.20.jar:11.0.20]
	at org.apache.catalina.core.ApplicationFilterChain.doFilter(ApplicationFilterChain.java:107) ~[tomcat-embed-core-11.0.20.jar:11.0.20]
	at org.springframework.web.filter.RequestContextFilter.doFilterInternal(RequestContextFilter.java:100) ~[spring-web-7.0.6.jar:7.0.6]
	at org.springframework.web.filter.OncePerRequestFilter.doFilter(OncePerRequestFilter.java:116) ~[spring-web-7.0.6.jar:7.0.6]
	at org.apache.catalina.core.ApplicationFilterChain.doFilter(ApplicationFilterChain.java:107) ~[tomcat-embed-core-11.0.20.jar:11.0.20]
	at org.springframework.web.filter.FormContentFilter.doFilterInternal(FormContentFilter.java:93) ~[spring-web-7.0.6.jar:7.0.6]
	at org.springframework.web.filter.OncePerRequestFilter.doFilter(OncePerRequestFilter.java:116) ~[spring-web-7.0.6.jar:7.0.6]
	at org.apache.catalina.core.ApplicationFilterChain.doFilter(ApplicationFilterChain.java:107) ~[tomcat-embed-core-11.0.20.jar:11.0.20]
	at org.springframework.web.filter.CharacterEncodingFilter.doFilterInternal(CharacterEncodingFilter.java:199) ~[spring-web-7.0.6.jar:7.0.6]
	at org.springframework.web.filter.OncePerRequestFilter.doFilter(OncePerRequestFilter.java:116) ~[spring-web-7.0.6.jar:7.0.6]
	at org.apache.catalina.core.ApplicationFilterChain.doFilter(ApplicationFilterChain.java:107) ~[tomcat-embed-core-11.0.20.jar:11.0.20]
	at org.apache.catalina.core.StandardWrapperValve.invoke(StandardWrapperValve.java:165) ~[tomcat-embed-core-11.0.20.jar:11.0.20]
	at org.apache.catalina.core.StandardContextValve.invoke(StandardContextValve.java:77) ~[tomcat-embed-core-11.0.20.jar:11.0.20]
	at org.apache.catalina.authenticator.AuthenticatorBase.invoke(AuthenticatorBase.java:492) ~[tomcat-embed-core-11.0.20.jar:11.0.20]
	at org.apache.catalina.core.StandardHostValve.invoke(StandardHostValve.java:113) ~[tomcat-embed-core-11.0.20.jar:11.0.20]
	at org.apache.catalina.valves.ErrorReportValve.invoke(ErrorReportValve.java:83) ~[tomcat-embed-core-11.0.20.jar:11.0.20]
	at org.apache.catalina.core.StandardEngineValve.invoke(StandardEngineValve.java:72) ~[tomcat-embed-core-11.0.20.jar:11.0.20]
	at org.apache.catalina.connector.CoyoteAdapter.service(CoyoteAdapter.java:341) ~[tomcat-embed-core-11.0.20.jar:11.0.20]
	at org.apache.coyote.http11.Http11Processor.service(Http11Processor.java:397) ~[tomcat-embed-core-11.0.20.jar:11.0.20]
	at org.apache.coyote.AbstractProcessorLight.process(AbstractProcessorLight.java:63) ~[tomcat-embed-core-11.0.20.jar:11.0.20]
	at org.apache.coyote.AbstractProtocol$ConnectionHandler.process(AbstractProtocol.java:903) ~[tomcat-embed-core-11.0.20.jar:11.0.20]
	at org.apache.tomcat.util.net.NioEndpoint$SocketProcessor.doRun(NioEndpoint.java:1779) ~[tomcat-embed-core-11.0.20.jar:11.0.20]
	at org.apache.tomcat.util.net.SocketProcessorBase.run(SocketProcessorBase.java:52) ~[tomcat-embed-core-11.0.20.jar:11.0.20]
	at org.apache.tomcat.util.threads.ThreadPoolExecutor.runWorker(ThreadPoolExecutor.java:946) ~[tomcat-embed-core-11.0.20.jar:11.0.20]
	at org.apache.tomcat.util.threads.ThreadPoolExecutor$Worker.run(ThreadPoolExecutor.java:480) ~[tomcat-embed-core-11.0.20.jar:11.0.20]
	at org.apache.tomcat.util.threads.TaskThread$WrappingRunnable.run(TaskThread.java:57) ~[tomcat-embed-core-11.0.20.jar:11.0.20]
	at java.base/java.lang.Thread.run(Thread.java:1570) ~[na:na]

