Starting a Gradle Daemon, 1 busy and 18 stopped Daemons could not be reused, use --status for details
> Task :order-service:compileJava UP-TO-DATE
> Task :order-service:processResources UP-TO-DATE
> Task :order-service:classes UP-TO-DATE
> Task :order-service:resolveMainClassName UP-TO-DATE

> Task :order-service:bootRun

  .   ____          _            __ _ _
 /\\ / ___'_ __ _ _(_)_ __  __ _ \ \ \ \
( ( )\___ | '_ | '_| | '_ \/ _` | \ \ \ \
 \\/  ___)| |_)| | | | | || (_| |  ) ) ) )
  '  |____| .__|_| |_|_| |_\__, | / / / /
 =========|_|==============|___/=/_/_/_/

[32m :: Spring Boot :: [39m              [2m (v4.0.5)[0;39m

[2m2026-04-27T21:42:30.663+09:00[0;39m [32m INFO[0;39m [35m57758[0;39m [2m--- [order-service] [           main] [0;39m[36mc.example.order.OrderServiceApplication [0;39m [2m:[0;39m Starting OrderServiceApplication using Java 22 with PID 57758 (/Users/juho/IdeaProjects/multicommerce/order-service/build/classes/java/main started by juho in /Users/juho/IdeaProjects/multicommerce/order-service)
[2m2026-04-27T21:42:30.665+09:00[0;39m [32m INFO[0;39m [35m57758[0;39m [2m--- [order-service] [           main] [0;39m[36mc.example.order.OrderServiceApplication [0;39m [2m:[0;39m No active profile set, falling back to 1 default profile: "default"
[2m2026-04-27T21:42:30.966+09:00[0;39m [32m INFO[0;39m [35m57758[0;39m [2m--- [order-service] [           main] [0;39m[36m.s.d.r.c.RepositoryConfigurationDelegate[0;39m [2m:[0;39m Bootstrapping Spring Data JPA repositories in DEFAULT mode.
[2m2026-04-27T21:42:30.988+09:00[0;39m [32m INFO[0;39m [35m57758[0;39m [2m--- [order-service] [           main] [0;39m[36m.s.d.r.c.RepositoryConfigurationDelegate[0;39m [2m:[0;39m Finished Spring Data repository scanning in 16 ms. Found 3 JPA repository interfaces.
[2m2026-04-27T21:42:31.487+09:00[0;39m [32m INFO[0;39m [35m57758[0;39m [2m--- [order-service] [           main] [0;39m[36mo.s.boot.tomcat.TomcatWebServer         [0;39m [2m:[0;39m Tomcat initialized with port 8081 (http)
[2m2026-04-27T21:42:31.498+09:00[0;39m [32m INFO[0;39m [35m57758[0;39m [2m--- [order-service] [           main] [0;39m[36mo.apache.catalina.core.StandardService  [0;39m [2m:[0;39m Starting service [Tomcat]
[2m2026-04-27T21:42:31.498+09:00[0;39m [32m INFO[0;39m [35m57758[0;39m [2m--- [order-service] [           main] [0;39m[36mo.apache.catalina.core.StandardEngine   [0;39m [2m:[0;39m Starting Servlet engine: [Apache Tomcat/11.0.20]
[2m2026-04-27T21:42:31.527+09:00[0;39m [32m INFO[0;39m [35m57758[0;39m [2m--- [order-service] [           main] [0;39m[36mb.w.c.s.WebApplicationContextInitializer[0;39m [2m:[0;39m Root WebApplicationContext: initialization completed in 825 ms
[2m2026-04-27T21:42:31.760+09:00[0;39m [32m INFO[0;39m [35m57758[0;39m [2m--- [order-service] [           main] [0;39m[36mcom.zaxxer.hikari.HikariDataSource      [0;39m [2m:[0;39m HikariPool-1 - Starting...
[2m2026-04-27T21:42:31.915+09:00[0;39m [32m INFO[0;39m [35m57758[0;39m [2m--- [order-service] [           main] [0;39m[36mcom.zaxxer.hikari.pool.HikariPool       [0;39m [2m:[0;39m HikariPool-1 - Added connection com.mysql.cj.jdbc.ConnectionImpl@19ae36f4
[2m2026-04-27T21:42:31.916+09:00[0;39m [32m INFO[0;39m [35m57758[0;39m [2m--- [order-service] [           main] [0;39m[36mcom.zaxxer.hikari.HikariDataSource      [0;39m [2m:[0;39m HikariPool-1 - Start completed.
[2m2026-04-27T21:42:31.940+09:00[0;39m [32m INFO[0;39m [35m57758[0;39m [2m--- [order-service] [           main] [0;39m[36morg.flywaydb.core.FlywayExecutor        [0;39m [2m:[0;39m Database: jdbc:mysql://localhost:3307/order_db?serverTimezone=UTC&useSSL=false&allowPublicKeyRetrieval=true (MySQL 8.0)
[2m2026-04-27T21:42:32.213+09:00[0;39m [32m INFO[0;39m [35m57758[0;39m [2m--- [order-service] [           main] [0;39m[36mo.f.c.i.s.JdbcTableSchemaHistory        [0;39m [2m:[0;39m Schema history table `order_db`.`flyway_schema_history` does not exist yet
[2m2026-04-27T21:42:32.215+09:00[0;39m [32m INFO[0;39m [35m57758[0;39m [2m--- [order-service] [           main] [0;39m[36mo.f.core.internal.command.DbValidate    [0;39m [2m:[0;39m Successfully validated 2 migrations (execution time 00:00.014s)
[2m2026-04-27T21:42:32.236+09:00[0;39m [32m INFO[0;39m [35m57758[0;39m [2m--- [order-service] [           main] [0;39m[36mo.f.c.i.s.JdbcTableSchemaHistory        [0;39m [2m:[0;39m Creating Schema History table `order_db`.`flyway_schema_history` ...
[2m2026-04-27T21:42:32.298+09:00[0;39m [32m INFO[0;39m [35m57758[0;39m [2m--- [order-service] [           main] [0;39m[36mo.f.core.internal.command.DbMigrate     [0;39m [2m:[0;39m Current version of schema `order_db`: << Empty Schema >>
[2m2026-04-27T21:42:32.307+09:00[0;39m [32m INFO[0;39m [35m57758[0;39m [2m--- [order-service] [           main] [0;39m[36mo.f.core.internal.command.DbMigrate     [0;39m [2m:[0;39m Migrating schema `order_db` to version "1 - create order core"
[2m2026-04-27T21:42:32.385+09:00[0;39m [32m INFO[0;39m [35m57758[0;39m [2m--- [order-service] [           main] [0;39m[36mo.f.core.internal.command.DbMigrate     [0;39m [2m:[0;39m Migrating schema `order_db` to version "3 - add order item details"
[2m2026-04-27T21:42:32.485+09:00[0;39m [32m INFO[0;39m [35m57758[0;39m [2m--- [order-service] [           main] [0;39m[36mo.f.core.internal.command.DbMigrate     [0;39m [2m:[0;39m Successfully applied 2 migrations to schema `order_db`, now at version v3 (execution time 00:00.121s)
[2m2026-04-27T21:42:32.552+09:00[0;39m [32m INFO[0;39m [35m57758[0;39m [2m--- [order-service] [           main] [0;39m[36morg.hibernate.orm.jpa                   [0;39m [2m:[0;39m HHH008540: Processing PersistenceUnitInfo [name: default]
[2m2026-04-27T21:42:32.580+09:00[0;39m [32m INFO[0;39m [35m57758[0;39m [2m--- [order-service] [           main] [0;39m[36morg.hibernate.orm.core                  [0;39m [2m:[0;39m HHH000001: Hibernate ORM core version 7.2.7.Final
[2m2026-04-27T21:42:32.806+09:00[0;39m [32m INFO[0;39m [35m57758[0;39m [2m--- [order-service] [           main] [0;39m[36mo.s.o.j.p.SpringPersistenceUnitInfo     [0;39m [2m:[0;39m No LoadTimeWeaver setup: ignoring JPA class transformer
[2m2026-04-27T21:42:32.844+09:00[0;39m [32m INFO[0;39m [35m57758[0;39m [2m--- [order-service] [           main] [0;39m[36morg.hibernate.orm.connections.pooling   [0;39m [2m:[0;39m HHH10001005: Database info:
	Database JDBC URL [jdbc:mysql://localhost:3307/order_db?serverTimezone=UTC&useSSL=false&allowPublicKeyRetrieval=true]
	Database driver: MySQL Connector/J
	Database dialect: MySQLDialect
	Database version: 8.0.46
	Default catalog/schema: order_db/undefined
	Autocommit mode: undefined/unknown
	Isolation level: REPEATABLE_READ [default REPEATABLE_READ]
	JDBC fetch size: none
	Pool: DataSourceConnectionProvider
	Minimum pool size: undefined/unknown
	Maximum pool size: undefined/unknown
[2m2026-04-27T21:42:33.278+09:00[0;39m [32m INFO[0;39m [35m57758[0;39m [2m--- [order-service] [           main] [0;39m[36morg.hibernate.orm.core                  [0;39m [2m:[0;39m HHH000489: No JTA platform available (set 'hibernate.transaction.jta.platform' to enable JTA platform integration)
[2m2026-04-27T21:42:33.302+09:00[0;39m [32m INFO[0;39m [35m57758[0;39m [2m--- [order-service] [           main] [0;39m[36mj.LocalContainerEntityManagerFactoryBean[0;39m [2m:[0;39m Initialized JPA EntityManagerFactory for persistence unit 'default'
[2m2026-04-27T21:42:33.341+09:00[0;39m [32m INFO[0;39m [35m57758[0;39m [2m--- [order-service] [           main] [0;39m[36mo.s.d.j.r.query.QueryEnhancerFactories  [0;39m [2m:[0;39m Hibernate is in classpath; If applicable, HQL parser will be used.
[2m2026-04-27T21:42:33.868+09:00[0;39m [32m INFO[0;39m [35m57758[0;39m [2m--- [order-service] [           main] [0;39m[36mo.s.boot.tomcat.TomcatWebServer         [0;39m [2m:[0;39m Tomcat started on port 8081 (http) with context path '/'
[2m2026-04-27T21:42:33.889+09:00[0;39m [32m INFO[0;39m [35m57758[0;39m [2m--- [order-service] [           main] [0;39m[36mo.a.kafka.common.config.AbstractConfig  [0;39m [2m:[0;39m ConsumerConfig values: 
	allow.auto.create.topics = true
	auto.commit.interval.ms = 5000
	auto.offset.reset = earliest
	bootstrap.servers = [localhost:9092, localhost:9093, localhost:9094]
	check.crcs = true
	client.dns.lookup = use_all_dns_ips
	client.id = consumer-order-service-1
	client.rack = 
	connections.max.idle.ms = 540000
	default.api.timeout.ms = 60000
	enable.auto.commit = false
	enable.metrics.push = true
	exclude.internal.topics = true
	fetch.max.bytes = 52428800
	fetch.max.wait.ms = 500
	fetch.min.bytes = 1
	group.id = order-service
	group.instance.id = null
	group.protocol = classic
	group.remote.assignor = null
	heartbeat.interval.ms = 3000
	interceptor.classes = []
	internal.leave.group.on.close = true
	internal.throw.on.fetch.stable.offset.unsupported = false
	isolation.level = read_committed
	key.deserializer = class org.apache.kafka.common.serialization.StringDeserializer
	max.partition.fetch.bytes = 1048576
	max.poll.interval.ms = 300000
	max.poll.records = 100
	metadata.max.age.ms = 300000
	metadata.recovery.rebootstrap.trigger.ms = 300000
	metadata.recovery.strategy = rebootstrap
	metric.reporters = [org.apache.kafka.common.metrics.JmxReporter]
	metrics.num.samples = 2
	metrics.recording.level = INFO
	metrics.sample.window.ms = 30000
	partition.assignment.strategy = [class org.apache.kafka.clients.consumer.RangeAssignor, class org.apache.kafka.clients.consumer.CooperativeStickyAssignor]
	receive.buffer.bytes = 65536
	reconnect.backoff.max.ms = 1000
	reconnect.backoff.ms = 50
	request.timeout.ms = 30000
	retry.backoff.max.ms = 1000
	retry.backoff.ms = 100
	sasl.client.callback.handler.class = null
	sasl.jaas.config = null
	sasl.kerberos.kinit.cmd = /usr/bin/kinit
	sasl.kerberos.min.time.before.relogin = 60000
	sasl.kerberos.service.name = null
	sasl.kerberos.ticket.renew.jitter = 0.05
	sasl.kerberos.ticket.renew.window.factor = 0.8
	sasl.login.callback.handler.class = null
	sasl.login.class = null
	sasl.login.connect.timeout.ms = null
	sasl.login.read.timeout.ms = null
	sasl.login.refresh.buffer.seconds = 300
	sasl.login.refresh.min.period.seconds = 60
	sasl.login.refresh.window.factor = 0.8
	sasl.login.refresh.window.jitter = 0.05
	sasl.login.retry.backoff.max.ms = 10000
	sasl.login.retry.backoff.ms = 100
	sasl.mechanism = GSSAPI
	sasl.oauthbearer.assertion.algorithm = RS256
	sasl.oauthbearer.assertion.claim.aud = null
	sasl.oauthbearer.assertion.claim.exp.seconds = 300
	sasl.oauthbearer.assertion.claim.iss = null
	sasl.oauthbearer.assertion.claim.jti.include = false
	sasl.oauthbearer.assertion.claim.nbf.seconds = 60
	sasl.oauthbearer.assertion.claim.sub = null
	sasl.oauthbearer.assertion.file = null
	sasl.oauthbearer.assertion.private.key.file = null
	sasl.oauthbearer.assertion.private.key.passphrase = null
	sasl.oauthbearer.assertion.template.file = null
	sasl.oauthbearer.client.credentials.client.id = null
	sasl.oauthbearer.client.credentials.client.secret = null
	sasl.oauthbearer.clock.skew.seconds = 30
	sasl.oauthbearer.expected.audience = null
	sasl.oauthbearer.expected.issuer = null
	sasl.oauthbearer.header.urlencode = false
	sasl.oauthbearer.jwks.endpoint.refresh.ms = 3600000
	sasl.oauthbearer.jwks.endpoint.retry.backoff.max.ms = 10000
	sasl.oauthbearer.jwks.endpoint.retry.backoff.ms = 100
	sasl.oauthbearer.jwks.endpoint.url = null
	sasl.oauthbearer.jwt.retriever.class = class org.apache.kafka.common.security.oauthbearer.DefaultJwtRetriever
	sasl.oauthbearer.jwt.validator.class = class org.apache.kafka.common.security.oauthbearer.DefaultJwtValidator
	sasl.oauthbearer.scope = null
	sasl.oauthbearer.scope.claim.name = scope
	sasl.oauthbearer.sub.claim.name = sub
	sasl.oauthbearer.token.endpoint.url = null
	security.protocol = PLAINTEXT
	security.providers = null
	send.buffer.bytes = 131072
	session.timeout.ms = 45000
	share.acknowledgement.mode = implicit
	socket.connection.setup.timeout.max.ms = 30000
	socket.connection.setup.timeout.ms = 10000
	ssl.cipher.suites = null
	ssl.enabled.protocols = [TLSv1.2, TLSv1.3]
	ssl.endpoint.identification.algorithm = https
	ssl.engine.factory.class = null
	ssl.key.password = null
	ssl.keymanager.algorithm = SunX509
	ssl.keystore.certificate.chain = null
	ssl.keystore.key = null
	ssl.keystore.location = null
	ssl.keystore.password = null
	ssl.keystore.type = JKS
	ssl.protocol = TLSv1.3
	ssl.provider = null
	ssl.secure.random.implementation = null
	ssl.trustmanager.algorithm = PKIX
	ssl.truststore.certificates = null
	ssl.truststore.location = null
	ssl.truststore.password = null
	ssl.truststore.type = JKS
	value.deserializer = class org.apache.kafka.common.serialization.StringDeserializer

[2m2026-04-27T21:42:33.909+09:00[0;39m [32m INFO[0;39m [35m57758[0;39m [2m--- [order-service] [           main] [0;39m[36mo.a.k.c.t.i.KafkaMetricsCollector       [0;39m [2m:[0;39m initializing Kafka metrics collector
[2m2026-04-27T21:42:33.970+09:00[0;39m [32m INFO[0;39m [35m57758[0;39m [2m--- [order-service] [           main] [0;39m[36mo.a.kafka.common.utils.AppInfoParser    [0;39m [2m:[0;39m Kafka version: 4.1.2
[2m2026-04-27T21:42:33.970+09:00[0;39m [32m INFO[0;39m [35m57758[0;39m [2m--- [order-service] [           main] [0;39m[36mo.a.kafka.common.utils.AppInfoParser    [0;39m [2m:[0;39m Kafka commitId: c82fd9b934b4c1e6
[2m2026-04-27T21:42:33.970+09:00[0;39m [32m INFO[0;39m [35m57758[0;39m [2m--- [order-service] [           main] [0;39m[36mo.a.kafka.common.utils.AppInfoParser    [0;39m [2m:[0;39m Kafka startTimeMs: 1777293753970
[2m2026-04-27T21:42:33.972+09:00[0;39m [32m INFO[0;39m [35m57758[0;39m [2m--- [order-service] [           main] [0;39m[36mo.a.k.c.c.i.ClassicKafkaConsumer        [0;39m [2m:[0;39m [Consumer clientId=consumer-order-service-1, groupId=order-service] Subscribed to topic(s): payment.cancelled
[2m2026-04-27T21:42:33.975+09:00[0;39m [32m INFO[0;39m [35m57758[0;39m [2m--- [order-service] [           main] [0;39m[36mo.a.kafka.common.config.AbstractConfig  [0;39m [2m:[0;39m ConsumerConfig values: 
	allow.auto.create.topics = true
	auto.commit.interval.ms = 5000
	auto.offset.reset = earliest
	bootstrap.servers = [localhost:9092, localhost:9093, localhost:9094]
	check.crcs = true
	client.dns.lookup = use_all_dns_ips
	client.id = consumer-order-service-retry-2
	client.rack = 
	connections.max.idle.ms = 540000
	default.api.timeout.ms = 60000
	enable.auto.commit = false
	enable.metrics.push = true
	exclude.internal.topics = true
	fetch.max.bytes = 52428800
	fetch.max.wait.ms = 500
	fetch.min.bytes = 1
	group.id = order-service-retry
	group.instance.id = null
	group.protocol = classic
	group.remote.assignor = null
	heartbeat.interval.ms = 3000
	interceptor.classes = []
	internal.leave.group.on.close = true
	internal.throw.on.fetch.stable.offset.unsupported = false
	isolation.level = read_uncommitted
	key.deserializer = class org.apache.kafka.common.serialization.StringDeserializer
	max.partition.fetch.bytes = 1048576
	max.poll.interval.ms = 300000
	max.poll.records = 50
	metadata.max.age.ms = 300000
	metadata.recovery.rebootstrap.trigger.ms = 300000
	metadata.recovery.strategy = rebootstrap
	metric.reporters = [org.apache.kafka.common.metrics.JmxReporter]
	metrics.num.samples = 2
	metrics.recording.level = INFO
	metrics.sample.window.ms = 30000
	partition.assignment.strategy = [class org.apache.kafka.clients.consumer.RangeAssignor, class org.apache.kafka.clients.consumer.CooperativeStickyAssignor]
	receive.buffer.bytes = 65536
	reconnect.backoff.max.ms = 1000
	reconnect.backoff.ms = 50
	request.timeout.ms = 30000
	retry.backoff.max.ms = 1000
	retry.backoff.ms = 100
	sasl.client.callback.handler.class = null
	sasl.jaas.config = null
	sasl.kerberos.kinit.cmd = /usr/bin/kinit
	sasl.kerberos.min.time.before.relogin = 60000
	sasl.kerberos.service.name = null
	sasl.kerberos.ticket.renew.jitter = 0.05
	sasl.kerberos.ticket.renew.window.factor = 0.8
	sasl.login.callback.handler.class = null
	sasl.login.class = null
	sasl.login.connect.timeout.ms = null
	sasl.login.read.timeout.ms = null
	sasl.login.refresh.buffer.seconds = 300
	sasl.login.refresh.min.period.seconds = 60
	sasl.login.refresh.window.factor = 0.8
	sasl.login.refresh.window.jitter = 0.05
	sasl.login.retry.backoff.max.ms = 10000
	sasl.login.retry.backoff.ms = 100
	sasl.mechanism = GSSAPI
	sasl.oauthbearer.assertion.algorithm = RS256
	sasl.oauthbearer.assertion.claim.aud = null
	sasl.oauthbearer.assertion.claim.exp.seconds = 300
	sasl.oauthbearer.assertion.claim.iss = null
	sasl.oauthbearer.assertion.claim.jti.include = false
	sasl.oauthbearer.assertion.claim.nbf.seconds = 60
	sasl.oauthbearer.assertion.claim.sub = null
	sasl.oauthbearer.assertion.file = null
	sasl.oauthbearer.assertion.private.key.file = null
	sasl.oauthbearer.assertion.private.key.passphrase = null
	sasl.oauthbearer.assertion.template.file = null
	sasl.oauthbearer.client.credentials.client.id = null
	sasl.oauthbearer.client.credentials.client.secret = null
	sasl.oauthbearer.clock.skew.seconds = 30
	sasl.oauthbearer.expected.audience = null
	sasl.oauthbearer.expected.issuer = null
	sasl.oauthbearer.header.urlencode = false
	sasl.oauthbearer.jwks.endpoint.refresh.ms = 3600000
	sasl.oauthbearer.jwks.endpoint.retry.backoff.max.ms = 10000
	sasl.oauthbearer.jwks.endpoint.retry.backoff.ms = 100
	sasl.oauthbearer.jwks.endpoint.url = null
	sasl.oauthbearer.jwt.retriever.class = class org.apache.kafka.common.security.oauthbearer.DefaultJwtRetriever
	sasl.oauthbearer.jwt.validator.class = class org.apache.kafka.common.security.oauthbearer.DefaultJwtValidator
	sasl.oauthbearer.scope = null
	sasl.oauthbearer.scope.claim.name = scope
	sasl.oauthbearer.sub.claim.name = sub
	sasl.oauthbearer.token.endpoint.url = null
	security.protocol = PLAINTEXT
	security.providers = null
	send.buffer.bytes = 131072
	session.timeout.ms = 45000
	share.acknowledgement.mode = implicit
	socket.connection.setup.timeout.max.ms = 30000
	socket.connection.setup.timeout.ms = 10000
	ssl.cipher.suites = null
	ssl.enabled.protocols = [TLSv1.2, TLSv1.3]
	ssl.endpoint.identification.algorithm = https
	ssl.engine.factory.class = null
	ssl.key.password = null
	ssl.keymanager.algorithm = SunX509
	ssl.keystore.certificate.chain = null
	ssl.keystore.key = null
	ssl.keystore.location = null
	ssl.keystore.password = null
	ssl.keystore.type = JKS
	ssl.protocol = TLSv1.3
	ssl.provider = null
	ssl.secure.random.implementation = null
	ssl.trustmanager.algorithm = PKIX
	ssl.truststore.certificates = null
	ssl.truststore.location = null
	ssl.truststore.password = null
	ssl.truststore.type = JKS
	value.deserializer = class org.apache.kafka.common.serialization.StringDeserializer

[2m2026-04-27T21:42:33.975+09:00[0;39m [32m INFO[0;39m [35m57758[0;39m [2m--- [order-service] [           main] [0;39m[36mo.a.k.c.t.i.KafkaMetricsCollector       [0;39m [2m:[0;39m initializing Kafka metrics collector
[2m2026-04-27T21:42:33.978+09:00[0;39m [32m INFO[0;39m [35m57758[0;39m [2m--- [order-service] [           main] [0;39m[36mo.a.kafka.common.utils.AppInfoParser    [0;39m [2m:[0;39m Kafka version: 4.1.2
[2m2026-04-27T21:42:33.978+09:00[0;39m [32m INFO[0;39m [35m57758[0;39m [2m--- [order-service] [           main] [0;39m[36mo.a.kafka.common.utils.AppInfoParser    [0;39m [2m:[0;39m Kafka commitId: c82fd9b934b4c1e6
[2m2026-04-27T21:42:33.978+09:00[0;39m [32m INFO[0;39m [35m57758[0;39m [2m--- [order-service] [           main] [0;39m[36mo.a.kafka.common.utils.AppInfoParser    [0;39m [2m:[0;39m Kafka startTimeMs: 1777293753978
[2m2026-04-27T21:42:33.979+09:00[0;39m [32m INFO[0;39m [35m57758[0;39m [2m--- [order-service] [           main] [0;39m[36mo.a.k.c.c.i.ClassicKafkaConsumer        [0;39m [2m:[0;39m [Consumer clientId=consumer-order-service-retry-2, groupId=order-service-retry] Subscribed to topic(s): payment.cancelled.retry
[2m2026-04-27T21:42:33.982+09:00[0;39m [32m INFO[0;39m [35m57758[0;39m [2m--- [order-service] [           main] [0;39m[36mc.example.order.OrderServiceApplication [0;39m [2m:[0;39m Started OrderServiceApplication in 3.587 seconds (process running for 3.778)
[2m2026-04-27T21:42:34.266+09:00[0;39m [33m WARN[0;39m [35m57758[0;39m [2m--- [order-service] [ntainer#0-0-C-1] [0;39m[36morg.apache.kafka.clients.NetworkClient  [0;39m [2m:[0;39m [Consumer clientId=consumer-order-service-1, groupId=order-service] The metadata response from the cluster reported a recoverable issue with correlation id 3 : {payment.cancelled=LEADER_NOT_AVAILABLE}
[2m2026-04-27T21:42:34.266+09:00[0;39m [33m WARN[0;39m [35m57758[0;39m [2m--- [order-service] [ntainer#1-0-C-1] [0;39m[36morg.apache.kafka.clients.NetworkClient  [0;39m [2m:[0;39m [Consumer clientId=consumer-order-service-retry-2, groupId=order-service-retry] The metadata response from the cluster reported a recoverable issue with correlation id 3 : {payment.cancelled.retry=LEADER_NOT_AVAILABLE}
[2m2026-04-27T21:42:34.267+09:00[0;39m [32m INFO[0;39m [35m57758[0;39m [2m--- [order-service] [ntainer#0-0-C-1] [0;39m[36morg.apache.kafka.clients.Metadata       [0;39m [2m:[0;39m [Consumer clientId=consumer-order-service-1, groupId=order-service] Cluster ID: e3FR1VEGThO5AkNJzbzL8w
[2m2026-04-27T21:42:34.267+09:00[0;39m [32m INFO[0;39m [35m57758[0;39m [2m--- [order-service] [ntainer#1-0-C-1] [0;39m[36morg.apache.kafka.clients.Metadata       [0;39m [2m:[0;39m [Consumer clientId=consumer-order-service-retry-2, groupId=order-service-retry] Cluster ID: e3FR1VEGThO5AkNJzbzL8w
[2m2026-04-27T21:42:34.431+09:00[0;39m [33m WARN[0;39m [35m57758[0;39m [2m--- [order-service] [ntainer#1-0-C-1] [0;39m[36morg.apache.kafka.clients.NetworkClient  [0;39m [2m:[0;39m [Consumer clientId=consumer-order-service-retry-2, groupId=order-service-retry] The metadata response from the cluster reported a recoverable issue with correlation id 9 : {payment.cancelled.retry=LEADER_NOT_AVAILABLE}
[2m2026-04-27T21:42:34.467+09:00[0;39m [33m WARN[0;39m [35m57758[0;39m [2m--- [order-service] [ntainer#0-0-C-1] [0;39m[36morg.apache.kafka.clients.NetworkClient  [0;39m [2m:[0;39m [Consumer clientId=consumer-order-service-1, groupId=order-service] The metadata response from the cluster reported a recoverable issue with correlation id 9 : {payment.cancelled=LEADER_NOT_AVAILABLE}
[2m2026-04-27T21:42:34.710+09:00[0;39m [33m WARN[0;39m [35m57758[0;39m [2m--- [order-service] [ntainer#1-0-C-1] [0;39m[36morg.apache.kafka.clients.NetworkClient  [0;39m [2m:[0;39m [Consumer clientId=consumer-order-service-retry-2, groupId=order-service-retry] The metadata response from the cluster reported a recoverable issue with correlation id 11 : {payment.cancelled.retry=LEADER_NOT_AVAILABLE}
[2m2026-04-27T21:42:35.082+09:00[0;39m [32m INFO[0;39m [35m57758[0;39m [2m--- [order-service] [ntainer#0-0-C-1] [0;39m[36mo.a.k.c.c.internals.ConsumerCoordinator [0;39m [2m:[0;39m [Consumer clientId=consumer-order-service-1, groupId=order-service] Discovered group coordinator localhost:9093 (id: 2147483645 rack: null isFenced: false)
[2m2026-04-27T21:42:35.084+09:00[0;39m [32m INFO[0;39m [35m57758[0;39m [2m--- [order-service] [ntainer#0-0-C-1] [0;39m[36mo.a.k.c.c.internals.ConsumerCoordinator [0;39m [2m:[0;39m [Consumer clientId=consumer-order-service-1, groupId=order-service] (Re-)joining group
[2m2026-04-27T21:42:35.105+09:00[0;39m [32m INFO[0;39m [35m57758[0;39m [2m--- [order-service] [ntainer#0-0-C-1] [0;39m[36mo.a.k.c.c.internals.ConsumerCoordinator [0;39m [2m:[0;39m [Consumer clientId=consumer-order-service-1, groupId=order-service] Request joining group due to: need to re-join with the given member-id: consumer-order-service-1-2bf0241c-d0f1-4018-b60f-4b2713122e29
[2m2026-04-27T21:42:35.105+09:00[0;39m [32m INFO[0;39m [35m57758[0;39m [2m--- [order-service] [ntainer#0-0-C-1] [0;39m[36mo.a.k.c.c.internals.ConsumerCoordinator [0;39m [2m:[0;39m [Consumer clientId=consumer-order-service-1, groupId=order-service] (Re-)joining group
[2m2026-04-27T21:42:35.128+09:00[0;39m [32m INFO[0;39m [35m57758[0;39m [2m--- [order-service] [ntainer#1-0-C-1] [0;39m[36mo.a.k.c.c.internals.ConsumerCoordinator [0;39m [2m:[0;39m [Consumer clientId=consumer-order-service-retry-2, groupId=order-service-retry] Discovered group coordinator localhost:9092 (id: 2147483646 rack: null isFenced: false)
[2m2026-04-27T21:42:35.129+09:00[0;39m [32m INFO[0;39m [35m57758[0;39m [2m--- [order-service] [ntainer#1-0-C-1] [0;39m[36mo.a.k.c.c.internals.ConsumerCoordinator [0;39m [2m:[0;39m [Consumer clientId=consumer-order-service-retry-2, groupId=order-service-retry] (Re-)joining group
[2m2026-04-27T21:42:35.144+09:00[0;39m [32m INFO[0;39m [35m57758[0;39m [2m--- [order-service] [ntainer#1-0-C-1] [0;39m[36mo.a.k.c.c.internals.ConsumerCoordinator [0;39m [2m:[0;39m [Consumer clientId=consumer-order-service-retry-2, groupId=order-service-retry] Request joining group due to: need to re-join with the given member-id: consumer-order-service-retry-2-a3c5b85b-2f9c-42e9-8aba-0e5707f3c8e9
[2m2026-04-27T21:42:35.144+09:00[0;39m [32m INFO[0;39m [35m57758[0;39m [2m--- [order-service] [ntainer#1-0-C-1] [0;39m[36mo.a.k.c.c.internals.ConsumerCoordinator [0;39m [2m:[0;39m [Consumer clientId=consumer-order-service-retry-2, groupId=order-service-retry] (Re-)joining group
[2m2026-04-27T21:42:36.334+09:00[0;39m [32m INFO[0;39m [35m57758[0;39m [2m--- [order-service] [nio-8081-exec-1] [0;39m[36mo.a.c.c.C.[Tomcat].[localhost].[/]      [0;39m [2m:[0;39m Initializing Spring DispatcherServlet 'dispatcherServlet'
[2m2026-04-27T21:42:36.334+09:00[0;39m [32m INFO[0;39m [35m57758[0;39m [2m--- [order-service] [nio-8081-exec-1] [0;39m[36mo.s.web.servlet.DispatcherServlet       [0;39m [2m:[0;39m Initializing Servlet 'dispatcherServlet'
[2m2026-04-27T21:42:36.335+09:00[0;39m [32m INFO[0;39m [35m57758[0;39m [2m--- [order-service] [nio-8081-exec-1] [0;39m[36mo.s.web.servlet.DispatcherServlet       [0;39m [2m:[0;39m Completed initialization in 0 ms
[2m2026-04-27T21:42:38.130+09:00[0;39m [32m INFO[0;39m [35m57758[0;39m [2m--- [order-service] [ntainer#0-0-C-1] [0;39m[36mo.a.k.c.c.internals.ConsumerCoordinator [0;39m [2m:[0;39m [Consumer clientId=consumer-order-service-1, groupId=order-service] Successfully joined group with generation Generation{generationId=1, memberId='consumer-order-service-1-2bf0241c-d0f1-4018-b60f-4b2713122e29', protocol='range'}
[2m2026-04-27T21:42:38.133+09:00[0;39m [32m INFO[0;39m [35m57758[0;39m [2m--- [order-service] [ntainer#0-0-C-1] [0;39m[36mo.a.k.c.c.internals.ConsumerCoordinator [0;39m [2m:[0;39m [Consumer clientId=consumer-order-service-1, groupId=order-service] Finished assignment for group at generation 1: {consumer-order-service-1-2bf0241c-d0f1-4018-b60f-4b2713122e29=Assignment(partitions=[payment.cancelled-0])}
[2m2026-04-27T21:42:38.158+09:00[0;39m [32m INFO[0;39m [35m57758[0;39m [2m--- [order-service] [ntainer#1-0-C-1] [0;39m[36mo.a.k.c.c.internals.ConsumerCoordinator [0;39m [2m:[0;39m [Consumer clientId=consumer-order-service-retry-2, groupId=order-service-retry] Successfully joined group with generation Generation{generationId=1, memberId='consumer-order-service-retry-2-a3c5b85b-2f9c-42e9-8aba-0e5707f3c8e9', protocol='range'}
[2m2026-04-27T21:42:38.158+09:00[0;39m [32m INFO[0;39m [35m57758[0;39m [2m--- [order-service] [ntainer#1-0-C-1] [0;39m[36mo.a.k.c.c.internals.ConsumerCoordinator [0;39m [2m:[0;39m [Consumer clientId=consumer-order-service-retry-2, groupId=order-service-retry] Finished assignment for group at generation 1: {consumer-order-service-retry-2-a3c5b85b-2f9c-42e9-8aba-0e5707f3c8e9=Assignment(partitions=[payment.cancelled.retry-0])}
[2m2026-04-27T21:42:38.208+09:00[0;39m [32m INFO[0;39m [35m57758[0;39m [2m--- [order-service] [ntainer#0-0-C-1] [0;39m[36mo.a.k.c.c.internals.ConsumerCoordinator [0;39m [2m:[0;39m [Consumer clientId=consumer-order-service-1, groupId=order-service] Successfully synced group in generation Generation{generationId=1, memberId='consumer-order-service-1-2bf0241c-d0f1-4018-b60f-4b2713122e29', protocol='range'}
[2m2026-04-27T21:42:38.208+09:00[0;39m [32m INFO[0;39m [35m57758[0;39m [2m--- [order-service] [ntainer#0-0-C-1] [0;39m[36mo.a.k.c.c.internals.ConsumerCoordinator [0;39m [2m:[0;39m [Consumer clientId=consumer-order-service-1, groupId=order-service] Notifying assignor about the new Assignment(partitions=[payment.cancelled-0])
[2m2026-04-27T21:42:38.210+09:00[0;39m [32m INFO[0;39m [35m57758[0;39m [2m--- [order-service] [ntainer#0-0-C-1] [0;39m[36mk.c.c.i.ConsumerRebalanceListenerInvoker[0;39m [2m:[0;39m [Consumer clientId=consumer-order-service-1, groupId=order-service] Adding newly assigned partitions: [payment.cancelled-0]
[2m2026-04-27T21:42:38.213+09:00[0;39m [32m INFO[0;39m [35m57758[0;39m [2m--- [order-service] [ntainer#1-0-C-1] [0;39m[36mo.a.k.c.c.internals.ConsumerCoordinator [0;39m [2m:[0;39m [Consumer clientId=consumer-order-service-retry-2, groupId=order-service-retry] Successfully synced group in generation Generation{generationId=1, memberId='consumer-order-service-retry-2-a3c5b85b-2f9c-42e9-8aba-0e5707f3c8e9', protocol='range'}
[2m2026-04-27T21:42:38.213+09:00[0;39m [32m INFO[0;39m [35m57758[0;39m [2m--- [order-service] [ntainer#1-0-C-1] [0;39m[36mo.a.k.c.c.internals.ConsumerCoordinator [0;39m [2m:[0;39m [Consumer clientId=consumer-order-service-retry-2, groupId=order-service-retry] Notifying assignor about the new Assignment(partitions=[payment.cancelled.retry-0])
[2m2026-04-27T21:42:38.213+09:00[0;39m [32m INFO[0;39m [35m57758[0;39m [2m--- [order-service] [ntainer#1-0-C-1] [0;39m[36mk.c.c.i.ConsumerRebalanceListenerInvoker[0;39m [2m:[0;39m [Consumer clientId=consumer-order-service-retry-2, groupId=order-service-retry] Adding newly assigned partitions: [payment.cancelled.retry-0]
[2m2026-04-27T21:42:38.225+09:00[0;39m [32m INFO[0;39m [35m57758[0;39m [2m--- [order-service] [ntainer#1-0-C-1] [0;39m[36mo.a.k.c.c.internals.ConsumerCoordinator [0;39m [2m:[0;39m [Consumer clientId=consumer-order-service-retry-2, groupId=order-service-retry] Found no committed offset for partition payment.cancelled.retry-0
[2m2026-04-27T21:42:38.227+09:00[0;39m [32m INFO[0;39m [35m57758[0;39m [2m--- [order-service] [ntainer#0-0-C-1] [0;39m[36mo.a.k.c.c.internals.ConsumerCoordinator [0;39m [2m:[0;39m [Consumer clientId=consumer-order-service-1, groupId=order-service] Found no committed offset for partition payment.cancelled-0
[2m2026-04-27T21:42:38.246+09:00[0;39m [32m INFO[0;39m [35m57758[0;39m [2m--- [order-service] [ntainer#1-0-C-1] [0;39m[36mo.a.k.c.c.internals.SubscriptionState   [0;39m [2m:[0;39m [Consumer clientId=consumer-order-service-retry-2, groupId=order-service-retry] Resetting offset for partition payment.cancelled.retry-0 to position FetchPosition{offset=0, offsetEpoch=Optional.empty, currentLeader=LeaderAndEpoch{leader=Optional[localhost:9094 (id: 3 rack: null isFenced: false)], epoch=0}}.
[2m2026-04-27T21:42:38.246+09:00[0;39m [32m INFO[0;39m [35m57758[0;39m [2m--- [order-service] [ntainer#0-0-C-1] [0;39m[36mo.a.k.c.c.internals.SubscriptionState   [0;39m [2m:[0;39m [Consumer clientId=consumer-order-service-1, groupId=order-service] Resetting offset for partition payment.cancelled-0 to position FetchPosition{offset=0, offsetEpoch=Optional.empty, currentLeader=LeaderAndEpoch{leader=Optional[localhost:9094 (id: 3 rack: null isFenced: false)], epoch=0}}.
[2m2026-04-27T21:42:38.246+09:00[0;39m [32m INFO[0;39m [35m57758[0;39m [2m--- [order-service] [ntainer#1-0-C-1] [0;39m[36mo.s.k.l.KafkaMessageListenerContainer   [0;39m [2m:[0;39m order-service-retry: partitions assigned: [payment.cancelled.retry-0]
[2m2026-04-27T21:42:38.246+09:00[0;39m [32m INFO[0;39m [35m57758[0;39m [2m--- [order-service] [ntainer#0-0-C-1] [0;39m[36mo.s.k.l.KafkaMessageListenerContainer   [0;39m [2m:[0;39m order-service: partitions assigned: [payment.cancelled-0]
