Starting a Gradle Daemon, 1 busy and 18 stopped Daemons could not be reused, use --status for details
> Task :payment-service:compileJava UP-TO-DATE
> Task :payment-service:processResources UP-TO-DATE
> Task :payment-service:classes UP-TO-DATE
> Task :payment-service:resolveMainClassName

> Task :payment-service:bootRun

  .   ____          _            __ _ _
 /\\ / ___'_ __ _ _(_)_ __  __ _ \ \ \ \
( ( )\___ | '_ | '_| | '_ \/ _` | \ \ \ \
 \\/  ___)| |_)| | | | | || (_| |  ) ) ) )
  '  |____| .__|_| |_|_| |_\__, | / / / /
 =========|_|==============|___/=/_/_/_/

[32m :: Spring Boot :: [39m              [2m (v4.0.5)[0;39m

[2m2026-04-27T21:42:28.643+09:00[0;39m [32m INFO[0;39m [35m57752[0;39m [2m--- [payment-service] [           main] [0;39m[36mc.e.payment.PaymentServiceApplication   [0;39m [2m:[0;39m Starting PaymentServiceApplication using Java 22 with PID 57752 (/Users/juho/IdeaProjects/multicommerce/payment-service/build/classes/java/main started by juho in /Users/juho/IdeaProjects/multicommerce/payment-service)
[2m2026-04-27T21:42:28.646+09:00[0;39m [32m INFO[0;39m [35m57752[0;39m [2m--- [payment-service] [           main] [0;39m[36mc.e.payment.PaymentServiceApplication   [0;39m [2m:[0;39m The following 1 profile is active: "local"
[2m2026-04-27T21:42:28.959+09:00[0;39m [32m INFO[0;39m [35m57752[0;39m [2m--- [payment-service] [           main] [0;39m[36m.s.d.r.c.RepositoryConfigurationDelegate[0;39m [2m:[0;39m Multiple Spring Data modules found, entering strict repository configuration mode
[2m2026-04-27T21:42:28.959+09:00[0;39m [32m INFO[0;39m [35m57752[0;39m [2m--- [payment-service] [           main] [0;39m[36m.s.d.r.c.RepositoryConfigurationDelegate[0;39m [2m:[0;39m Bootstrapping Spring Data JPA repositories in DEFAULT mode.
[2m2026-04-27T21:42:29.135+09:00[0;39m [32m INFO[0;39m [35m57752[0;39m [2m--- [payment-service] [           main] [0;39m[36m.s.d.r.c.RepositoryConfigurationDelegate[0;39m [2m:[0;39m Finished Spring Data repository scanning in 172 ms. Found 6 JPA repository interfaces.
[2m2026-04-27T21:42:29.273+09:00[0;39m [32m INFO[0;39m [35m57752[0;39m [2m--- [payment-service] [           main] [0;39m[36m.s.d.r.c.RepositoryConfigurationDelegate[0;39m [2m:[0;39m Multiple Spring Data modules found, entering strict repository configuration mode
[2m2026-04-27T21:42:29.273+09:00[0;39m [32m INFO[0;39m [35m57752[0;39m [2m--- [payment-service] [           main] [0;39m[36m.s.d.r.c.RepositoryConfigurationDelegate[0;39m [2m:[0;39m Bootstrapping Spring Data Redis repositories in DEFAULT mode.
[2m2026-04-27T21:42:29.284+09:00[0;39m [32m INFO[0;39m [35m57752[0;39m [2m--- [payment-service] [           main] [0;39m[36m.RepositoryConfigurationExtensionSupport[0;39m [2m:[0;39m Spring Data Redis - Could not safely identify store assignment for repository candidate interface com.example.payment.infrastructure.persistence.CancelEventOutboxJpaRepository; If you want this repository to be a Redis repository, consider annotating your entities with one of these annotations: org.springframework.data.redis.core.RedisHash (preferred), or consider extending one of the following types with your repository: org.springframework.data.keyvalue.repository.KeyValueRepository
[2m2026-04-27T21:42:29.285+09:00[0;39m [32m INFO[0;39m [35m57752[0;39m [2m--- [payment-service] [           main] [0;39m[36m.RepositoryConfigurationExtensionSupport[0;39m [2m:[0;39m Spring Data Redis - Could not safely identify store assignment for repository candidate interface com.example.payment.infrastructure.persistence.CancelRequestHistoryJpaRepository; If you want this repository to be a Redis repository, consider annotating your entities with one of these annotations: org.springframework.data.redis.core.RedisHash (preferred), or consider extending one of the following types with your repository: org.springframework.data.keyvalue.repository.KeyValueRepository
[2m2026-04-27T21:42:29.285+09:00[0;39m [32m INFO[0;39m [35m57752[0;39m [2m--- [payment-service] [           main] [0;39m[36m.RepositoryConfigurationExtensionSupport[0;39m [2m:[0;39m Spring Data Redis - Could not safely identify store assignment for repository candidate interface com.example.payment.infrastructure.persistence.CancelRequestJpaRepository; If you want this repository to be a Redis repository, consider annotating your entities with one of these annotations: org.springframework.data.redis.core.RedisHash (preferred), or consider extending one of the following types with your repository: org.springframework.data.keyvalue.repository.KeyValueRepository
[2m2026-04-27T21:42:29.285+09:00[0;39m [32m INFO[0;39m [35m57752[0;39m [2m--- [payment-service] [           main] [0;39m[36m.RepositoryConfigurationExtensionSupport[0;39m [2m:[0;39m Spring Data Redis - Could not safely identify store assignment for repository candidate interface com.example.payment.infrastructure.persistence.CompensationRetryJpaRepository; If you want this repository to be a Redis repository, consider annotating your entities with one of these annotations: org.springframework.data.redis.core.RedisHash (preferred), or consider extending one of the following types with your repository: org.springframework.data.keyvalue.repository.KeyValueRepository
[2m2026-04-27T21:42:29.285+09:00[0;39m [32m INFO[0;39m [35m57752[0;39m [2m--- [payment-service] [           main] [0;39m[36m.RepositoryConfigurationExtensionSupport[0;39m [2m:[0;39m Spring Data Redis - Could not safely identify store assignment for repository candidate interface com.example.payment.infrastructure.persistence.PaymentItemJpaRepository; If you want this repository to be a Redis repository, consider annotating your entities with one of these annotations: org.springframework.data.redis.core.RedisHash (preferred), or consider extending one of the following types with your repository: org.springframework.data.keyvalue.repository.KeyValueRepository
[2m2026-04-27T21:42:29.285+09:00[0;39m [32m INFO[0;39m [35m57752[0;39m [2m--- [payment-service] [           main] [0;39m[36m.RepositoryConfigurationExtensionSupport[0;39m [2m:[0;39m Spring Data Redis - Could not safely identify store assignment for repository candidate interface com.example.payment.infrastructure.persistence.PaymentJpaRepository; If you want this repository to be a Redis repository, consider annotating your entities with one of these annotations: org.springframework.data.redis.core.RedisHash (preferred), or consider extending one of the following types with your repository: org.springframework.data.keyvalue.repository.KeyValueRepository
[2m2026-04-27T21:42:29.285+09:00[0;39m [32m INFO[0;39m [35m57752[0;39m [2m--- [payment-service] [           main] [0;39m[36m.s.d.r.c.RepositoryConfigurationDelegate[0;39m [2m:[0;39m Finished Spring Data repository scanning in 8 ms. Found 0 Redis repository interfaces.
[2m2026-04-27T21:42:29.543+09:00[0;39m [32m INFO[0;39m [35m57752[0;39m [2m--- [payment-service] [           main] [0;39m[36mo.s.boot.tomcat.TomcatWebServer         [0;39m [2m:[0;39m Tomcat initialized with port 8080 (http)
[2m2026-04-27T21:42:29.550+09:00[0;39m [32m INFO[0;39m [35m57752[0;39m [2m--- [payment-service] [           main] [0;39m[36mo.apache.catalina.core.StandardService  [0;39m [2m:[0;39m Starting service [Tomcat]
[2m2026-04-27T21:42:29.551+09:00[0;39m [32m INFO[0;39m [35m57752[0;39m [2m--- [payment-service] [           main] [0;39m[36mo.apache.catalina.core.StandardEngine   [0;39m [2m:[0;39m Starting Servlet engine: [Apache Tomcat/11.0.20]
[2m2026-04-27T21:42:29.594+09:00[0;39m [32m INFO[0;39m [35m57752[0;39m [2m--- [payment-service] [           main] [0;39m[36mb.w.c.s.WebApplicationContextInitializer[0;39m [2m:[0;39m Root WebApplicationContext: initialization completed in 922 ms
[2m2026-04-27T21:42:29.778+09:00[0;39m [32m INFO[0;39m [35m57752[0;39m [2m--- [payment-service] [           main] [0;39m[36mcom.zaxxer.hikari.HikariDataSource      [0;39m [2m:[0;39m HikariPool-1 - Starting...
[2m2026-04-27T21:42:29.871+09:00[0;39m [32m INFO[0;39m [35m57752[0;39m [2m--- [payment-service] [           main] [0;39m[36mcom.zaxxer.hikari.pool.HikariPool       [0;39m [2m:[0;39m HikariPool-1 - Added connection com.mysql.cj.jdbc.ConnectionImpl@7e1a9173
[2m2026-04-27T21:42:29.872+09:00[0;39m [32m INFO[0;39m [35m57752[0;39m [2m--- [payment-service] [           main] [0;39m[36mcom.zaxxer.hikari.HikariDataSource      [0;39m [2m:[0;39m HikariPool-1 - Start completed.
[2m2026-04-27T21:42:29.900+09:00[0;39m [32m INFO[0;39m [35m57752[0;39m [2m--- [payment-service] [           main] [0;39m[36morg.flywaydb.core.FlywayExecutor        [0;39m [2m:[0;39m Database: jdbc:mysql://localhost:3311/payment_db?serverTimezone=UTC&useSSL=false&allowPublicKeyRetrieval=true (MySQL 8.0)
[2m2026-04-27T21:42:30.169+09:00[0;39m [32m INFO[0;39m [35m57752[0;39m [2m--- [payment-service] [           main] [0;39m[36mo.f.c.i.s.JdbcTableSchemaHistory        [0;39m [2m:[0;39m Schema history table `payment_db`.`flyway_schema_history` does not exist yet
[2m2026-04-27T21:42:30.172+09:00[0;39m [32m INFO[0;39m [35m57752[0;39m [2m--- [payment-service] [           main] [0;39m[36mo.f.core.internal.command.DbValidate    [0;39m [2m:[0;39m Successfully validated 8 migrations (execution time 00:00.016s)
[2m2026-04-27T21:42:30.194+09:00[0;39m [32m INFO[0;39m [35m57752[0;39m [2m--- [payment-service] [           main] [0;39m[36mo.f.c.i.s.JdbcTableSchemaHistory        [0;39m [2m:[0;39m Creating Schema History table `payment_db`.`flyway_schema_history` ...
[2m2026-04-27T21:42:30.270+09:00[0;39m [32m INFO[0;39m [35m57752[0;39m [2m--- [payment-service] [           main] [0;39m[36mo.f.core.internal.command.DbMigrate     [0;39m [2m:[0;39m Current version of schema `payment_db`: << Empty Schema >>
[2m2026-04-27T21:42:30.278+09:00[0;39m [32m INFO[0;39m [35m57752[0;39m [2m--- [payment-service] [           main] [0;39m[36mo.f.core.internal.command.DbMigrate     [0;39m [2m:[0;39m Migrating schema `payment_db` to version "1 - create payment core"
[2m2026-04-27T21:42:30.355+09:00[0;39m [32m INFO[0;39m [35m57752[0;39m [2m--- [payment-service] [           main] [0;39m[36mo.f.core.internal.command.DbMigrate     [0;39m [2m:[0;39m Migrating schema `payment_db` to version "2 - create cancel"
[2m2026-04-27T21:42:30.433+09:00[0;39m [32m INFO[0;39m [35m57752[0;39m [2m--- [payment-service] [           main] [0;39m[36mo.f.core.internal.command.DbMigrate     [0;39m [2m:[0;39m Migrating schema `payment_db` to version "3 - create outbox"
[2m2026-04-27T21:42:30.486+09:00[0;39m [32m INFO[0;39m [35m57752[0;39m [2m--- [payment-service] [           main] [0;39m[36mo.f.core.internal.command.DbMigrate     [0;39m [2m:[0;39m Migrating schema `payment_db` to version "4 - create idempotency"
[2m2026-04-27T21:42:30.534+09:00[0;39m [32m INFO[0;39m [35m57752[0;39m [2m--- [payment-service] [           main] [0;39m[36mo.f.core.internal.command.DbMigrate     [0;39m [2m:[0;39m Migrating schema `payment_db` to version "5 - create compensation"
[2m2026-04-27T21:42:30.583+09:00[0;39m [32m INFO[0;39m [35m57752[0;39m [2m--- [payment-service] [           main] [0;39m[36mo.f.core.internal.command.DbMigrate     [0;39m [2m:[0;39m Migrating schema `payment_db` to version "6 - create shedlock"
[2m2026-04-27T21:42:30.634+09:00[0;39m [32m INFO[0;39m [35m57752[0;39m [2m--- [payment-service] [           main] [0;39m[36mo.f.core.internal.command.DbMigrate     [0;39m [2m:[0;39m Migrating schema `payment_db` to version "7 - add cancel period days to payment"
[2m2026-04-27T21:42:30.707+09:00[0;39m [32m INFO[0;39m [35m57752[0;39m [2m--- [payment-service] [           main] [0;39m[36mo.f.core.internal.command.DbMigrate     [0;39m [2m:[0;39m Migrating schema `payment_db` to version "8 - align cancel schema"
[2m2026-04-27T21:42:30.865+09:00[0;39m [32m INFO[0;39m [35m57752[0;39m [2m--- [payment-service] [           main] [0;39m[36mo.f.core.internal.command.DbMigrate     [0;39m [2m:[0;39m Successfully applied 8 migrations to schema `payment_db`, now at version v8 (execution time 00:00.375s)
[2m2026-04-27T21:42:30.932+09:00[0;39m [32m INFO[0;39m [35m57752[0;39m [2m--- [payment-service] [           main] [0;39m[36morg.hibernate.orm.jpa                   [0;39m [2m:[0;39m HHH008540: Processing PersistenceUnitInfo [name: default]
[2m2026-04-27T21:42:30.969+09:00[0;39m [32m INFO[0;39m [35m57752[0;39m [2m--- [payment-service] [           main] [0;39m[36morg.hibernate.orm.core                  [0;39m [2m:[0;39m HHH000001: Hibernate ORM core version 7.2.7.Final
[2m2026-04-27T21:42:31.294+09:00[0;39m [32m INFO[0;39m [35m57752[0;39m [2m--- [payment-service] [           main] [0;39m[36mo.s.o.j.p.SpringPersistenceUnitInfo     [0;39m [2m:[0;39m No LoadTimeWeaver setup: ignoring JPA class transformer
[2m2026-04-27T21:42:31.344+09:00[0;39m [33m WARN[0;39m [35m57752[0;39m [2m--- [payment-service] [           main] [0;39m[36morg.hibernate.orm.deprecation           [0;39m [2m:[0;39m HHH90000025: MySQLDialect does not need to be specified explicitly using 'hibernate.dialect' (remove the property setting and it will be selected by default)
[2m2026-04-27T21:42:31.357+09:00[0;39m [32m INFO[0;39m [35m57752[0;39m [2m--- [payment-service] [           main] [0;39m[36morg.hibernate.orm.connections.pooling   [0;39m [2m:[0;39m HHH10001005: Database info:
	Database JDBC URL [jdbc:mysql://localhost:3311/payment_db?serverTimezone=UTC&useSSL=false&allowPublicKeyRetrieval=true]
	Database driver: MySQL Connector/J
	Database dialect: MySQLDialect
	Database version: 8.0.46
	Default catalog/schema: payment_db/undefined
	Autocommit mode: undefined/unknown
	Isolation level: REPEATABLE_READ [default REPEATABLE_READ]
	JDBC fetch size: none
	Pool: DataSourceConnectionProvider
	Minimum pool size: undefined/unknown
	Maximum pool size: undefined/unknown
[2m2026-04-27T21:42:31.977+09:00[0;39m [32m INFO[0;39m [35m57752[0;39m [2m--- [payment-service] [           main] [0;39m[36morg.hibernate.orm.core                  [0;39m [2m:[0;39m HHH000489: No JTA platform available (set 'hibernate.transaction.jta.platform' to enable JTA platform integration)
[2m2026-04-27T21:42:31.979+09:00[0;39m [32m INFO[0;39m [35m57752[0;39m [2m--- [payment-service] [           main] [0;39m[36morg.hibernate.orm.jdbc.batch            [0;39m [2m:[0;39m HHH100501: Automatic JDBC statement batching enabled (maximum batch size 20)
[2m2026-04-27T21:42:31.997+09:00[0;39m [32m INFO[0;39m [35m57752[0;39m [2m--- [payment-service] [           main] [0;39m[36mj.LocalContainerEntityManagerFactoryBean[0;39m [2m:[0;39m Initialized JPA EntityManagerFactory for persistence unit 'default'
[2m2026-04-27T21:42:32.036+09:00[0;39m [32m INFO[0;39m [35m57752[0;39m [2m--- [payment-service] [           main] [0;39m[36mo.s.d.j.r.query.QueryEnhancerFactories  [0;39m [2m:[0;39m Hibernate is in classpath; If applicable, HQL parser will be used.
[2m2026-04-27T21:42:32.725+09:00[0;39m [32m INFO[0;39m [35m57752[0;39m [2m--- [payment-service] [           main] [0;39m[36morg.redisson.Version                    [0;39m [2m:[0;39m Redisson 4.3.1
[2m2026-04-27T21:42:32.796+09:00[0;39m [33m WARN[0;39m [35m57752[0;39m [2m--- [payment-service] [           main] [0;39m[36mi.n.r.d.DnsServerAddressStreamProviders [0;39m [2m:[0;39m Can not find io.netty.resolver.dns.macos.MacOSDnsServerAddressStreamProvider in the classpath, fallback to system defaults. This may result in incorrect DNS resolutions on MacOS. Check whether you have a dependency on 'io.netty:netty-resolver-dns-native-macos'
[2m2026-04-27T21:42:32.909+09:00[0;39m [32m INFO[0;39m [35m57752[0;39m [2m--- [payment-service] [isson-netty-1-5] [0;39m[36mo.redisson.connection.ConnectionsHolder [0;39m [2m:[0;39m 1 connections initialized for localhost/127.0.0.1:6379
[2m2026-04-27T21:42:32.944+09:00[0;39m [32m INFO[0;39m [35m57752[0;39m [2m--- [payment-service] [sson-netty-1-20] [0;39m[36mo.redisson.connection.ConnectionsHolder [0;39m [2m:[0;39m 24 connections initialized for localhost/127.0.0.1:6379
[2m2026-04-27T21:42:33.004+09:00[0;39m [33m WARN[0;39m [35m57752[0;39m [2m--- [payment-service] [           main] [0;39m[36mJpaBaseConfiguration$JpaWebConfiguration[0;39m [2m:[0;39m spring.jpa.open-in-view is enabled by default. Therefore, database queries may be performed during view rendering. Explicitly configure spring.jpa.open-in-view to disable this warning
[2m2026-04-27T21:42:33.277+09:00[0;39m [32m INFO[0;39m [35m57752[0;39m [2m--- [payment-service] [           main] [0;39m[36mo.s.boot.tomcat.TomcatWebServer         [0;39m [2m:[0;39m Tomcat started on port 8080 (http) with context path '/'
[2m2026-04-27T21:42:33.285+09:00[0;39m [32m INFO[0;39m [35m57752[0;39m [2m--- [payment-service] [           main] [0;39m[36mc.e.payment.PaymentServiceApplication   [0;39m [2m:[0;39m Started PaymentServiceApplication in 4.954 seconds (process running for 5.152)
[2m2026-04-27T21:42:33.373+09:00[0;39m [32m INFO[0;39m [35m57752[0;39m [2m--- [payment-service] [   scheduling-1] [0;39m[36mc.e.p.a.s.CompensationRetryService      [0;39m [2m:[0;39m [compensation-retry] 실행 now=2026-04-27T21:42:33.297705 대상=0건
[2m2026-04-27T21:42:36.412+09:00[0;39m [32m INFO[0;39m [35m57752[0;39m [2m--- [payment-service] [nio-8080-exec-1] [0;39m[36mo.a.c.c.C.[Tomcat].[localhost].[/]      [0;39m [2m:[0;39m Initializing Spring DispatcherServlet 'dispatcherServlet'
[2m2026-04-27T21:42:36.413+09:00[0;39m [32m INFO[0;39m [35m57752[0;39m [2m--- [payment-service] [nio-8080-exec-1] [0;39m[36mo.s.web.servlet.DispatcherServlet       [0;39m [2m:[0;39m Initializing Servlet 'dispatcherServlet'
[2m2026-04-27T21:42:36.414+09:00[0;39m [32m INFO[0;39m [35m57752[0;39m [2m--- [payment-service] [nio-8080-exec-1] [0;39m[36mo.s.web.servlet.DispatcherServlet       [0;39m [2m:[0;39m Completed initialization in 0 ms
[2m2026-04-27T21:42:36.424+09:00[0;39m [31mERROR[0;39m [35m57752[0;39m [2m--- [payment-service] [nio-8080-exec-1] [0;39m[36mc.e.p.p.c.GlobalExceptionHandler        [0;39m [2m:[0;39m Unexpected error

org.springframework.web.servlet.resource.NoResourceFoundException: No static resource actuator/health for request '/actuator/health'.
	at org.springframework.web.servlet.resource.ResourceHttpRequestHandler.handleRequest(ResourceHttpRequestHandler.java:527) ~[spring-webmvc-7.0.6.jar:7.0.6]
	at org.springframework.web.servlet.mvc.HttpRequestHandlerAdapter.handle(HttpRequestHandlerAdapter.java:50) ~[spring-webmvc-7.0.6.jar:7.0.6]
	at org.springframework.web.servlet.DispatcherServlet.doDispatch(DispatcherServlet.java:963) ~[spring-webmvc-7.0.6.jar:7.0.6]
	at org.springframework.web.servlet.DispatcherServlet.doService(DispatcherServlet.java:866) ~[spring-webmvc-7.0.6.jar:7.0.6]
	at org.springframework.web.servlet.FrameworkServlet.processRequest(FrameworkServlet.java:1000) ~[spring-webmvc-7.0.6.jar:7.0.6]
	at org.springframework.web.servlet.FrameworkServlet.doGet(FrameworkServlet.java:892) ~[spring-webmvc-7.0.6.jar:7.0.6]
	at jakarta.servlet.http.HttpServlet.service(HttpServlet.java:622) ~[tomcat-embed-core-11.0.20.jar:6.1]
	at org.springframework.web.servlet.FrameworkServlet.service(FrameworkServlet.java:874) ~[spring-webmvc-7.0.6.jar:7.0.6]
	at jakarta.servlet.http.HttpServlet.service(HttpServlet.java:710) ~[tomcat-embed-core-11.0.20.jar:6.1]
	at org.apache.catalina.core.ApplicationFilterChain.doFilter(ApplicationFilterChain.java:128) ~[tomcat-embed-core-11.0.20.jar:11.0.20]
	at org.apache.tomcat.websocket.server.WsFilter.doFilter(WsFilter.java:53) ~[tomcat-embed-websocket-11.0.20.jar:11.0.20]
	at org.apache.catalina.core.ApplicationFilterChain.doFilter(ApplicationFilterChain.java:107) ~[tomcat-embed-core-11.0.20.jar:11.0.20]
	at org.springframework.web.filter.RequestContextFilter.doFilterInternal(RequestContextFilter.java:100) ~[spring-web-7.0.6.jar:7.0.6]
	at org.springframework.web.filter.OncePerRequestFilter.doFilter(OncePerRequestFilter.java:116) ~[spring-web-7.0.6.jar:7.0.6]
	at org.apache.catalina.core.ApplicationFilterChain.doFilter(ApplicationFilterChain.java:107) ~[tomcat-embed-core-11.0.20.jar:11.0.20]
	at org.springframework.web.filter.FormContentFilter.doFilterInternal(FormContentFilter.java:93) ~[spring-web-7.0.6.jar:7.0.6]
	at org.springframework.web.filter.OncePerRequestFilter.doFilter(OncePerRequestFilter.java:116) ~[spring-web-7.0.6.jar:7.0.6]
	at org.apache.catalina.core.ApplicationFilterChain.doFilter(ApplicationFilterChain.java:107) ~[tomcat-embed-core-11.0.20.jar:11.0.20]
	at org.springframework.web.filter.CharacterEncodingFilter.doFilterInternal(CharacterEncodingFilter.java:199) ~[spring-web-7.0.6.jar:7.0.6]
	at org.springframework.web.filter.OncePerRequestFilter.doFilter(OncePerRequestFilter.java:116) ~[spring-web-7.0.6.jar:7.0.6]
	at org.apache.catalina.core.ApplicationFilterChain.doFilter(ApplicationFilterChain.java:107) ~[tomcat-embed-core-11.0.20.jar:11.0.20]
	at org.apache.catalina.core.StandardWrapperValve.invoke(StandardWrapperValve.java:165) ~[tomcat-embed-core-11.0.20.jar:11.0.20]
	at org.apache.catalina.core.StandardContextValve.invoke(StandardContextValve.java:77) ~[tomcat-embed-core-11.0.20.jar:11.0.20]
	at org.apache.catalina.authenticator.AuthenticatorBase.invoke(AuthenticatorBase.java:492) ~[tomcat-embed-core-11.0.20.jar:11.0.20]
	at org.apache.catalina.core.StandardHostValve.invoke(StandardHostValve.java:113) ~[tomcat-embed-core-11.0.20.jar:11.0.20]
	at org.apache.catalina.valves.ErrorReportValve.invoke(ErrorReportValve.java:83) ~[tomcat-embed-core-11.0.20.jar:11.0.20]
	at org.apache.catalina.core.StandardEngineValve.invoke(StandardEngineValve.java:72) ~[tomcat-embed-core-11.0.20.jar:11.0.20]
	at org.apache.catalina.connector.CoyoteAdapter.service(CoyoteAdapter.java:341) ~[tomcat-embed-core-11.0.20.jar:11.0.20]
	at org.apache.coyote.http11.Http11Processor.service(Http11Processor.java:397) ~[tomcat-embed-core-11.0.20.jar:11.0.20]
	at org.apache.coyote.AbstractProcessorLight.process(AbstractProcessorLight.java:63) ~[tomcat-embed-core-11.0.20.jar:11.0.20]
	at org.apache.coyote.AbstractProtocol$ConnectionHandler.process(AbstractProtocol.java:903) ~[tomcat-embed-core-11.0.20.jar:11.0.20]
	at org.apache.tomcat.util.net.NioEndpoint$SocketProcessor.doRun(NioEndpoint.java:1779) ~[tomcat-embed-core-11.0.20.jar:11.0.20]
	at org.apache.tomcat.util.net.SocketProcessorBase.run(SocketProcessorBase.java:52) ~[tomcat-embed-core-11.0.20.jar:11.0.20]
	at org.apache.tomcat.util.threads.ThreadPoolExecutor.runWorker(ThreadPoolExecutor.java:946) ~[tomcat-embed-core-11.0.20.jar:11.0.20]
	at org.apache.tomcat.util.threads.ThreadPoolExecutor$Worker.run(ThreadPoolExecutor.java:480) ~[tomcat-embed-core-11.0.20.jar:11.0.20]
	at org.apache.tomcat.util.threads.TaskThread$WrappingRunnable.run(TaskThread.java:57) ~[tomcat-embed-core-11.0.20.jar:11.0.20]
	at java.base/java.lang.Thread.run(Thread.java:1570) ~[na:na]

[2m2026-04-27T21:42:37.971+09:00[0;39m [31mERROR[0;39m [35m57752[0;39m [2m--- [payment-service] [nio-8080-exec-4] [0;39m[36mc.e.p.i.http.RiskManagementHttpClient   [0;39m [2m:[0;39m risk-management validateAndReserve 실패. merchantId=1

org.springframework.web.client.ResourceAccessException: I/O error on POST request for "http://localhost:8083/internal/cancel-limit/validate-and-reserve": Connection refused
	at org.springframework.web.client.RestTemplate.createResourceAccessException(RestTemplate.java:780) ~[spring-web-7.0.6.jar:7.0.6]
	at org.springframework.web.client.RestTemplate.doExecute(RestTemplate.java:760) ~[spring-web-7.0.6.jar:7.0.6]
	at org.springframework.web.client.RestTemplate.execute(RestTemplate.java:677) ~[spring-web-7.0.6.jar:7.0.6]
	at org.springframework.web.client.RestTemplate.postForEntity(RestTemplate.java:430) ~[spring-web-7.0.6.jar:7.0.6]
	at com.example.payment.infrastructure.http.RiskManagementHttpClient.lambda$validateAndReserve$0(RiskManagementHttpClient.java:49) ~[main/:na]
	at io.github.resilience4j.circuitbreaker.CircuitBreaker.lambda$decorateCheckedSupplier$0(CircuitBreaker.java:71) ~[resilience4j-circuitbreaker-2.2.0.jar:2.2.0]
	at io.github.resilience4j.circuitbreaker.CircuitBreaker.executeCheckedSupplier(CircuitBreaker.java:739) ~[resilience4j-circuitbreaker-2.2.0.jar:2.2.0]
	at com.example.payment.infrastructure.http.RiskManagementHttpClient.validateAndReserve(RiskManagementHttpClient.java:40) ~[main/:na]
	at com.example.payment.application.service.CancelPaymentService.executeCancel(CancelPaymentService.java:98) ~[main/:na]
	at com.example.payment.application.service.CancelPaymentService.cancel(CancelPaymentService.java:60) ~[main/:na]
	at com.example.payment.presentation.controller.CancelController.cancel(CancelController.java:34) ~[main/:na]
	at java.base/jdk.internal.reflect.DirectMethodHandleAccessor.invoke(DirectMethodHandleAccessor.java:103) ~[na:na]
	at java.base/java.lang.reflect.Method.invoke(Method.java:580) ~[na:na]
	at org.springframework.web.method.support.InvocableHandlerMethod.doInvoke(InvocableHandlerMethod.java:252) ~[spring-web-7.0.6.jar:7.0.6]
	at org.springframework.web.method.support.InvocableHandlerMethod.invokeForRequest(InvocableHandlerMethod.java:184) ~[spring-web-7.0.6.jar:7.0.6]
	at org.springframework.web.servlet.mvc.method.annotation.ServletInvocableHandlerMethod.invokeAndHandle(ServletInvocableHandlerMethod.java:117) ~[spring-webmvc-7.0.6.jar:7.0.6]
	at org.springframework.web.servlet.mvc.method.annotation.RequestMappingHandlerAdapter.invokeHandlerMethod(RequestMappingHandlerAdapter.java:934) ~[spring-webmvc-7.0.6.jar:7.0.6]
	at org.springframework.web.servlet.mvc.method.annotation.RequestMappingHandlerAdapter.handleInternal(RequestMappingHandlerAdapter.java:853) ~[spring-webmvc-7.0.6.jar:7.0.6]
	at org.springframework.web.servlet.mvc.method.AbstractHandlerMethodAdapter.handle(AbstractHandlerMethodAdapter.java:86) ~[spring-webmvc-7.0.6.jar:7.0.6]
	at org.springframework.web.servlet.DispatcherServlet.doDispatch(DispatcherServlet.java:963) ~[spring-webmvc-7.0.6.jar:7.0.6]
	at org.springframework.web.servlet.DispatcherServlet.doService(DispatcherServlet.java:866) ~[spring-webmvc-7.0.6.jar:7.0.6]
	at org.springframework.web.servlet.FrameworkServlet.processRequest(FrameworkServlet.java:1000) ~[spring-webmvc-7.0.6.jar:7.0.6]
	at org.springframework.web.servlet.FrameworkServlet.doPost(FrameworkServlet.java:903) ~[spring-webmvc-7.0.6.jar:7.0.6]
	at jakarta.servlet.http.HttpServlet.service(HttpServlet.java:649) ~[tomcat-embed-core-11.0.20.jar:6.1]
	at org.springframework.web.servlet.FrameworkServlet.service(FrameworkServlet.java:874) ~[spring-webmvc-7.0.6.jar:7.0.6]
	at jakarta.servlet.http.HttpServlet.service(HttpServlet.java:710) ~[tomcat-embed-core-11.0.20.jar:6.1]
	at org.apache.catalina.core.ApplicationFilterChain.doFilter(ApplicationFilterChain.java:128) ~[tomcat-embed-core-11.0.20.jar:11.0.20]
	at org.apache.tomcat.websocket.server.WsFilter.doFilter(WsFilter.java:53) ~[tomcat-embed-websocket-11.0.20.jar:11.0.20]
	at org.apache.catalina.core.ApplicationFilterChain.doFilter(ApplicationFilterChain.java:107) ~[tomcat-embed-core-11.0.20.jar:11.0.20]
	at org.springframework.web.filter.RequestContextFilter.doFilterInternal(RequestContextFilter.java:100) ~[spring-web-7.0.6.jar:7.0.6]
	at org.springframework.web.filter.OncePerRequestFilter.doFilter(OncePerRequestFilter.java:116) ~[spring-web-7.0.6.jar:7.0.6]
	at org.apache.catalina.core.ApplicationFilterChain.doFilter(ApplicationFilterChain.java:107) ~[tomcat-embed-core-11.0.20.jar:11.0.20]
	at org.springframework.web.filter.FormContentFilter.doFilterInternal(FormContentFilter.java:93) ~[spring-web-7.0.6.jar:7.0.6]
	at org.springframework.web.filter.OncePerRequestFilter.doFilter(OncePerRequestFilter.java:116) ~[spring-web-7.0.6.jar:7.0.6]
	at org.apache.catalina.core.ApplicationFilterChain.doFilter(ApplicationFilterChain.java:107) ~[tomcat-embed-core-11.0.20.jar:11.0.20]
	at org.springframework.web.filter.CharacterEncodingFilter.doFilterInternal(CharacterEncodingFilter.java:199) ~[spring-web-7.0.6.jar:7.0.6]
	at org.springframework.web.filter.OncePerRequestFilter.doFilter(OncePerRequestFilter.java:116) ~[spring-web-7.0.6.jar:7.0.6]
	at org.apache.catalina.core.ApplicationFilterChain.doFilter(ApplicationFilterChain.java:107) ~[tomcat-embed-core-11.0.20.jar:11.0.20]
	at org.apache.catalina.core.StandardWrapperValve.invoke(StandardWrapperValve.java:165) ~[tomcat-embed-core-11.0.20.jar:11.0.20]
	at org.apache.catalina.core.StandardContextValve.invoke(StandardContextValve.java:77) ~[tomcat-embed-core-11.0.20.jar:11.0.20]
	at org.apache.catalina.authenticator.AuthenticatorBase.invoke(AuthenticatorBase.java:492) ~[tomcat-embed-core-11.0.20.jar:11.0.20]
	at org.apache.catalina.core.StandardHostValve.invoke(StandardHostValve.java:113) ~[tomcat-embed-core-11.0.20.jar:11.0.20]
	at org.apache.catalina.valves.ErrorReportValve.invoke(ErrorReportValve.java:83) ~[tomcat-embed-core-11.0.20.jar:11.0.20]
	at org.apache.catalina.core.StandardEngineValve.invoke(StandardEngineValve.java:72) ~[tomcat-embed-core-11.0.20.jar:11.0.20]
	at org.apache.catalina.connector.CoyoteAdapter.service(CoyoteAdapter.java:341) ~[tomcat-embed-core-11.0.20.jar:11.0.20]
	at org.apache.coyote.http11.Http11Processor.service(Http11Processor.java:397) ~[tomcat-embed-core-11.0.20.jar:11.0.20]
	at org.apache.coyote.AbstractProcessorLight.process(AbstractProcessorLight.java:63) ~[tomcat-embed-core-11.0.20.jar:11.0.20]
	at org.apache.coyote.AbstractProtocol$ConnectionHandler.process(AbstractProtocol.java:903) ~[tomcat-embed-core-11.0.20.jar:11.0.20]
	at org.apache.tomcat.util.net.NioEndpoint$SocketProcessor.doRun(NioEndpoint.java:1779) ~[tomcat-embed-core-11.0.20.jar:11.0.20]
	at org.apache.tomcat.util.net.SocketProcessorBase.run(SocketProcessorBase.java:52) ~[tomcat-embed-core-11.0.20.jar:11.0.20]
	at org.apache.tomcat.util.threads.ThreadPoolExecutor.runWorker(ThreadPoolExecutor.java:946) ~[tomcat-embed-core-11.0.20.jar:11.0.20]
	at org.apache.tomcat.util.threads.ThreadPoolExecutor$Worker.run(ThreadPoolExecutor.java:480) ~[tomcat-embed-core-11.0.20.jar:11.0.20]
	at org.apache.tomcat.util.threads.TaskThread$WrappingRunnable.run(TaskThread.java:57) ~[tomcat-embed-core-11.0.20.jar:11.0.20]
	at java.base/java.lang.Thread.run(Thread.java:1570) ~[na:na]
Caused by: java.net.ConnectException: Connection refused
	at java.base/sun.nio.ch.Net.connect0(Native Method) ~[na:na]
	at java.base/sun.nio.ch.Net.connect(Net.java:589) ~[na:na]
	at java.base/sun.nio.ch.Net.connect(Net.java:578) ~[na:na]
	at java.base/sun.nio.ch.NioSocketImpl.connect(NioSocketImpl.java:583) ~[na:na]
	at java.base/java.net.Socket.connect(Socket.java:752) ~[na:na]
	at java.base/java.net.Socket.connect(Socket.java:687) ~[na:na]
	at java.base/sun.net.NetworkClient.doConnect(NetworkClient.java:183) ~[na:na]
	at java.base/sun.net.www.http.HttpClient.openServer(HttpClient.java:531) ~[na:na]
	at java.base/sun.net.www.http.HttpClient.openServer(HttpClient.java:636) ~[na:na]
	at java.base/sun.net.www.http.HttpClient.<init>(HttpClient.java:280) ~[na:na]
	at java.base/sun.net.www.http.HttpClient.New(HttpClient.java:386) ~[na:na]
	at java.base/sun.net.www.http.HttpClient.New(HttpClient.java:408) ~[na:na]
	at java.base/sun.net.www.protocol.http.HttpURLConnection.getNewHttpClient(HttpURLConnection.java:1310) ~[na:na]
	at java.base/sun.net.www.protocol.http.HttpURLConnection.plainConnect0(HttpURLConnection.java:1243) ~[na:na]
	at java.base/sun.net.www.protocol.http.HttpURLConnection.plainConnect(HttpURLConnection.java:1129) ~[na:na]
	at java.base/sun.net.www.protocol.http.HttpURLConnection.connect(HttpURLConnection.java:1058) ~[na:na]
	at org.springframework.http.client.SimpleClientHttpRequest.executeInternal(SimpleClientHttpRequest.java:80) ~[spring-web-7.0.6.jar:7.0.6]
	at org.springframework.http.client.AbstractStreamingClientHttpRequest.executeInternal(AbstractStreamingClientHttpRequest.java:87) ~[spring-web-7.0.6.jar:7.0.6]
	at org.springframework.http.client.AbstractClientHttpRequest.execute(AbstractClientHttpRequest.java:80) ~[spring-web-7.0.6.jar:7.0.6]
	at org.springframework.web.client.RestTemplate.doExecute(RestTemplate.java:754) ~[spring-web-7.0.6.jar:7.0.6]
	... 52 common frames omitted

[2m2026-04-27T21:42:37.973+09:00[0;39m [31mERROR[0;39m [35m57752[0;39m [2m--- [payment-service] [nio-8080-exec-4] [0;39m[36mc.e.p.i.http.RiskManagementHttpClient   [0;39m [2m:[0;39m risk-management compensate 실패. cancelRequestId=1

org.springframework.web.client.ResourceAccessException: I/O error on POST request for "http://localhost:8083/internal/cancel-limit/compensate": Connection refused
	at org.springframework.web.client.RestTemplate.createResourceAccessException(RestTemplate.java:780) ~[spring-web-7.0.6.jar:7.0.6]
	at org.springframework.web.client.RestTemplate.doExecute(RestTemplate.java:760) ~[spring-web-7.0.6.jar:7.0.6]
	at org.springframework.web.client.RestTemplate.execute(RestTemplate.java:677) ~[spring-web-7.0.6.jar:7.0.6]
	at org.springframework.web.client.RestTemplate.postForEntity(RestTemplate.java:430) ~[spring-web-7.0.6.jar:7.0.6]
	at com.example.payment.infrastructure.http.RiskManagementHttpClient.lambda$compensate$1(RiskManagementHttpClient.java:73) ~[main/:na]
	at io.github.resilience4j.circuitbreaker.CircuitBreaker.lambda$decorateCheckedSupplier$0(CircuitBreaker.java:71) ~[resilience4j-circuitbreaker-2.2.0.jar:2.2.0]
	at io.github.resilience4j.circuitbreaker.CircuitBreaker.executeCheckedSupplier(CircuitBreaker.java:739) ~[resilience4j-circuitbreaker-2.2.0.jar:2.2.0]
	at com.example.payment.infrastructure.http.RiskManagementHttpClient.compensate(RiskManagementHttpClient.java:66) ~[main/:na]
	at com.example.payment.application.service.CancelPaymentService.tryCompensate(CancelPaymentService.java:132) ~[main/:na]
	at com.example.payment.application.service.CancelPaymentService.executeCancel(CancelPaymentService.java:101) ~[main/:na]
	at com.example.payment.application.service.CancelPaymentService.cancel(CancelPaymentService.java:60) ~[main/:na]
	at com.example.payment.presentation.controller.CancelController.cancel(CancelController.java:34) ~[main/:na]
	at java.base/jdk.internal.reflect.DirectMethodHandleAccessor.invoke(DirectMethodHandleAccessor.java:103) ~[na:na]
	at java.base/java.lang.reflect.Method.invoke(Method.java:580) ~[na:na]
	at org.springframework.web.method.support.InvocableHandlerMethod.doInvoke(InvocableHandlerMethod.java:252) ~[spring-web-7.0.6.jar:7.0.6]
	at org.springframework.web.method.support.InvocableHandlerMethod.invokeForRequest(InvocableHandlerMethod.java:184) ~[spring-web-7.0.6.jar:7.0.6]
	at org.springframework.web.servlet.mvc.method.annotation.ServletInvocableHandlerMethod.invokeAndHandle(ServletInvocableHandlerMethod.java:117) ~[spring-webmvc-7.0.6.jar:7.0.6]
	at org.springframework.web.servlet.mvc.method.annotation.RequestMappingHandlerAdapter.invokeHandlerMethod(RequestMappingHandlerAdapter.java:934) ~[spring-webmvc-7.0.6.jar:7.0.6]
	at org.springframework.web.servlet.mvc.method.annotation.RequestMappingHandlerAdapter.handleInternal(RequestMappingHandlerAdapter.java:853) ~[spring-webmvc-7.0.6.jar:7.0.6]
	at org.springframework.web.servlet.mvc.method.AbstractHandlerMethodAdapter.handle(AbstractHandlerMethodAdapter.java:86) ~[spring-webmvc-7.0.6.jar:7.0.6]
	at org.springframework.web.servlet.DispatcherServlet.doDispatch(DispatcherServlet.java:963) ~[spring-webmvc-7.0.6.jar:7.0.6]
	at org.springframework.web.servlet.DispatcherServlet.doService(DispatcherServlet.java:866) ~[spring-webmvc-7.0.6.jar:7.0.6]
	at org.springframework.web.servlet.FrameworkServlet.processRequest(FrameworkServlet.java:1000) ~[spring-webmvc-7.0.6.jar:7.0.6]
	at org.springframework.web.servlet.FrameworkServlet.doPost(FrameworkServlet.java:903) ~[spring-webmvc-7.0.6.jar:7.0.6]
	at jakarta.servlet.http.HttpServlet.service(HttpServlet.java:649) ~[tomcat-embed-core-11.0.20.jar:6.1]
	at org.springframework.web.servlet.FrameworkServlet.service(FrameworkServlet.java:874) ~[spring-webmvc-7.0.6.jar:7.0.6]
	at jakarta.servlet.http.HttpServlet.service(HttpServlet.java:710) ~[tomcat-embed-core-11.0.20.jar:6.1]
	at org.apache.catalina.core.ApplicationFilterChain.doFilter(ApplicationFilterChain.java:128) ~[tomcat-embed-core-11.0.20.jar:11.0.20]
	at org.apache.tomcat.websocket.server.WsFilter.doFilter(WsFilter.java:53) ~[tomcat-embed-websocket-11.0.20.jar:11.0.20]
	at org.apache.catalina.core.ApplicationFilterChain.doFilter(ApplicationFilterChain.java:107) ~[tomcat-embed-core-11.0.20.jar:11.0.20]
	at org.springframework.web.filter.RequestContextFilter.doFilterInternal(RequestContextFilter.java:100) ~[spring-web-7.0.6.jar:7.0.6]
	at org.springframework.web.filter.OncePerRequestFilter.doFilter(OncePerRequestFilter.java:116) ~[spring-web-7.0.6.jar:7.0.6]
	at org.apache.catalina.core.ApplicationFilterChain.doFilter(ApplicationFilterChain.java:107) ~[tomcat-embed-core-11.0.20.jar:11.0.20]
	at org.springframework.web.filter.FormContentFilter.doFilterInternal(FormContentFilter.java:93) ~[spring-web-7.0.6.jar:7.0.6]
	at org.springframework.web.filter.OncePerRequestFilter.doFilter(OncePerRequestFilter.java:116) ~[spring-web-7.0.6.jar:7.0.6]
	at org.apache.catalina.core.ApplicationFilterChain.doFilter(ApplicationFilterChain.java:107) ~[tomcat-embed-core-11.0.20.jar:11.0.20]
	at org.springframework.web.filter.CharacterEncodingFilter.doFilterInternal(CharacterEncodingFilter.java:199) ~[spring-web-7.0.6.jar:7.0.6]
	at org.springframework.web.filter.OncePerRequestFilter.doFilter(OncePerRequestFilter.java:116) ~[spring-web-7.0.6.jar:7.0.6]
	at org.apache.catalina.core.ApplicationFilterChain.doFilter(ApplicationFilterChain.java:107) ~[tomcat-embed-core-11.0.20.jar:11.0.20]
	at org.apache.catalina.core.StandardWrapperValve.invoke(StandardWrapperValve.java:165) ~[tomcat-embed-core-11.0.20.jar:11.0.20]
	at org.apache.catalina.core.StandardContextValve.invoke(StandardContextValve.java:77) ~[tomcat-embed-core-11.0.20.jar:11.0.20]
	at org.apache.catalina.authenticator.AuthenticatorBase.invoke(AuthenticatorBase.java:492) ~[tomcat-embed-core-11.0.20.jar:11.0.20]
	at org.apache.catalina.core.StandardHostValve.invoke(StandardHostValve.java:113) ~[tomcat-embed-core-11.0.20.jar:11.0.20]
	at org.apache.catalina.valves.ErrorReportValve.invoke(ErrorReportValve.java:83) ~[tomcat-embed-core-11.0.20.jar:11.0.20]
	at org.apache.catalina.core.StandardEngineValve.invoke(StandardEngineValve.java:72) ~[tomcat-embed-core-11.0.20.jar:11.0.20]
	at org.apache.catalina.connector.CoyoteAdapter.service(CoyoteAdapter.java:341) ~[tomcat-embed-core-11.0.20.jar:11.0.20]
	at org.apache.coyote.http11.Http11Processor.service(Http11Processor.java:397) ~[tomcat-embed-core-11.0.20.jar:11.0.20]
	at org.apache.coyote.AbstractProcessorLight.process(AbstractProcessorLight.java:63) ~[tomcat-embed-core-11.0.20.jar:11.0.20]
	at org.apache.coyote.AbstractProtocol$ConnectionHandler.process(AbstractProtocol.java:903) ~[tomcat-embed-core-11.0.20.jar:11.0.20]
	at org.apache.tomcat.util.net.NioEndpoint$SocketProcessor.doRun(NioEndpoint.java:1779) ~[tomcat-embed-core-11.0.20.jar:11.0.20]
	at org.apache.tomcat.util.net.SocketProcessorBase.run(SocketProcessorBase.java:52) ~[tomcat-embed-core-11.0.20.jar:11.0.20]
	at org.apache.tomcat.util.threads.ThreadPoolExecutor.runWorker(ThreadPoolExecutor.java:946) ~[tomcat-embed-core-11.0.20.jar:11.0.20]
	at org.apache.tomcat.util.threads.ThreadPoolExecutor$Worker.run(ThreadPoolExecutor.java:480) ~[tomcat-embed-core-11.0.20.jar:11.0.20]
	at org.apache.tomcat.util.threads.TaskThread$WrappingRunnable.run(TaskThread.java:57) ~[tomcat-embed-core-11.0.20.jar:11.0.20]
	at java.base/java.lang.Thread.run(Thread.java:1570) ~[na:na]
Caused by: java.net.ConnectException: Connection refused
	at java.base/sun.nio.ch.Net.connect0(Native Method) ~[na:na]
	at java.base/sun.nio.ch.Net.connect(Net.java:589) ~[na:na]
	at java.base/sun.nio.ch.Net.connect(Net.java:578) ~[na:na]
	at java.base/sun.nio.ch.NioSocketImpl.connect(NioSocketImpl.java:583) ~[na:na]
	at java.base/java.net.Socket.connect(Socket.java:752) ~[na:na]
	at java.base/java.net.Socket.connect(Socket.java:687) ~[na:na]
	at java.base/sun.net.NetworkClient.doConnect(NetworkClient.java:183) ~[na:na]
	at java.base/sun.net.www.http.HttpClient.openServer(HttpClient.java:531) ~[na:na]
	at java.base/sun.net.www.http.HttpClient.openServer(HttpClient.java:636) ~[na:na]
	at java.base/sun.net.www.http.HttpClient.<init>(HttpClient.java:280) ~[na:na]
	at java.base/sun.net.www.http.HttpClient.New(HttpClient.java:386) ~[na:na]
	at java.base/sun.net.www.http.HttpClient.New(HttpClient.java:408) ~[na:na]
	at java.base/sun.net.www.protocol.http.HttpURLConnection.getNewHttpClient(HttpURLConnection.java:1310) ~[na:na]
	at java.base/sun.net.www.protocol.http.HttpURLConnection.plainConnect0(HttpURLConnection.java:1243) ~[na:na]
	at java.base/sun.net.www.protocol.http.HttpURLConnection.plainConnect(HttpURLConnection.java:1129) ~[na:na]
	at java.base/sun.net.www.protocol.http.HttpURLConnection.connect(HttpURLConnection.java:1058) ~[na:na]
	at org.springframework.http.client.SimpleClientHttpRequest.executeInternal(SimpleClientHttpRequest.java:80) ~[spring-web-7.0.6.jar:7.0.6]
	at org.springframework.http.client.AbstractStreamingClientHttpRequest.executeInternal(AbstractStreamingClientHttpRequest.java:87) ~[spring-web-7.0.6.jar:7.0.6]
	at org.springframework.http.client.AbstractClientHttpRequest.execute(AbstractClientHttpRequest.java:80) ~[spring-web-7.0.6.jar:7.0.6]
	at org.springframework.web.client.RestTemplate.doExecute(RestTemplate.java:754) ~[spring-web-7.0.6.jar:7.0.6]
	... 53 common frames omitted

[2m2026-04-27T21:42:37.973+09:00[0;39m [31mERROR[0;39m [35m57752[0;39m [2m--- [payment-service] [nio-8080-exec-4] [0;39m[36mc.e.p.a.service.CancelPaymentService    [0;39m [2m:[0;39m 보상 트랜잭션 실패. cancelRequestId=1

com.example.payment.infrastructure.exception.RiskServiceException: risk-management 보상 트랜잭션 실패
	at com.example.payment.infrastructure.http.RiskManagementHttpClient.compensate(RiskManagementHttpClient.java:77) ~[main/:na]
	at com.example.payment.application.service.CancelPaymentService.tryCompensate(CancelPaymentService.java:132) ~[main/:na]
	at com.example.payment.application.service.CancelPaymentService.executeCancel(CancelPaymentService.java:101) ~[main/:na]
	at com.example.payment.application.service.CancelPaymentService.cancel(CancelPaymentService.java:60) ~[main/:na]
	at com.example.payment.presentation.controller.CancelController.cancel(CancelController.java:34) ~[main/:na]
	at java.base/jdk.internal.reflect.DirectMethodHandleAccessor.invoke(DirectMethodHandleAccessor.java:103) ~[na:na]
	at java.base/java.lang.reflect.Method.invoke(Method.java:580) ~[na:na]
	at org.springframework.web.method.support.InvocableHandlerMethod.doInvoke(InvocableHandlerMethod.java:252) ~[spring-web-7.0.6.jar:7.0.6]
	at org.springframework.web.method.support.InvocableHandlerMethod.invokeForRequest(InvocableHandlerMethod.java:184) ~[spring-web-7.0.6.jar:7.0.6]
	at org.springframework.web.servlet.mvc.method.annotation.ServletInvocableHandlerMethod.invokeAndHandle(ServletInvocableHandlerMethod.java:117) ~[spring-webmvc-7.0.6.jar:7.0.6]
	at org.springframework.web.servlet.mvc.method.annotation.RequestMappingHandlerAdapter.invokeHandlerMethod(RequestMappingHandlerAdapter.java:934) ~[spring-webmvc-7.0.6.jar:7.0.6]
	at org.springframework.web.servlet.mvc.method.annotation.RequestMappingHandlerAdapter.handleInternal(RequestMappingHandlerAdapter.java:853) ~[spring-webmvc-7.0.6.jar:7.0.6]
	at org.springframework.web.servlet.mvc.method.AbstractHandlerMethodAdapter.handle(AbstractHandlerMethodAdapter.java:86) ~[spring-webmvc-7.0.6.jar:7.0.6]
	at org.springframework.web.servlet.DispatcherServlet.doDispatch(DispatcherServlet.java:963) ~[spring-webmvc-7.0.6.jar:7.0.6]
	at org.springframework.web.servlet.DispatcherServlet.doService(DispatcherServlet.java:866) ~[spring-webmvc-7.0.6.jar:7.0.6]
	at org.springframework.web.servlet.FrameworkServlet.processRequest(FrameworkServlet.java:1000) ~[spring-webmvc-7.0.6.jar:7.0.6]
	at org.springframework.web.servlet.FrameworkServlet.doPost(FrameworkServlet.java:903) ~[spring-webmvc-7.0.6.jar:7.0.6]
	at jakarta.servlet.http.HttpServlet.service(HttpServlet.java:649) ~[tomcat-embed-core-11.0.20.jar:6.1]
	at org.springframework.web.servlet.FrameworkServlet.service(FrameworkServlet.java:874) ~[spring-webmvc-7.0.6.jar:7.0.6]
	at jakarta.servlet.http.HttpServlet.service(HttpServlet.java:710) ~[tomcat-embed-core-11.0.20.jar:6.1]
	at org.apache.catalina.core.ApplicationFilterChain.doFilter(ApplicationFilterChain.java:128) ~[tomcat-embed-core-11.0.20.jar:11.0.20]
	at org.apache.tomcat.websocket.server.WsFilter.doFilter(WsFilter.java:53) ~[tomcat-embed-websocket-11.0.20.jar:11.0.20]
	at org.apache.catalina.core.ApplicationFilterChain.doFilter(ApplicationFilterChain.java:107) ~[tomcat-embed-core-11.0.20.jar:11.0.20]
	at org.springframework.web.filter.RequestContextFilter.doFilterInternal(RequestContextFilter.java:100) ~[spring-web-7.0.6.jar:7.0.6]
	at org.springframework.web.filter.OncePerRequestFilter.doFilter(OncePerRequestFilter.java:116) ~[spring-web-7.0.6.jar:7.0.6]
	at org.apache.catalina.core.ApplicationFilterChain.doFilter(ApplicationFilterChain.java:107) ~[tomcat-embed-core-11.0.20.jar:11.0.20]
	at org.springframework.web.filter.FormContentFilter.doFilterInternal(FormContentFilter.java:93) ~[spring-web-7.0.6.jar:7.0.6]
	at org.springframework.web.filter.OncePerRequestFilter.doFilter(OncePerRequestFilter.java:116) ~[spring-web-7.0.6.jar:7.0.6]
	at org.apache.catalina.core.ApplicationFilterChain.doFilter(ApplicationFilterChain.java:107) ~[tomcat-embed-core-11.0.20.jar:11.0.20]
	at org.springframework.web.filter.CharacterEncodingFilter.doFilterInternal(CharacterEncodingFilter.java:199) ~[spring-web-7.0.6.jar:7.0.6]
	at org.springframework.web.filter.OncePerRequestFilter.doFilter(OncePerRequestFilter.java:116) ~[spring-web-7.0.6.jar:7.0.6]
	at org.apache.catalina.core.ApplicationFilterChain.doFilter(ApplicationFilterChain.java:107) ~[tomcat-embed-core-11.0.20.jar:11.0.20]
	at org.apache.catalina.core.StandardWrapperValve.invoke(StandardWrapperValve.java:165) ~[tomcat-embed-core-11.0.20.jar:11.0.20]
	at org.apache.catalina.core.StandardContextValve.invoke(StandardContextValve.java:77) ~[tomcat-embed-core-11.0.20.jar:11.0.20]
	at org.apache.catalina.authenticator.AuthenticatorBase.invoke(AuthenticatorBase.java:492) ~[tomcat-embed-core-11.0.20.jar:11.0.20]
	at org.apache.catalina.core.StandardHostValve.invoke(StandardHostValve.java:113) ~[tomcat-embed-core-11.0.20.jar:11.0.20]
	at org.apache.catalina.valves.ErrorReportValve.invoke(ErrorReportValve.java:83) ~[tomcat-embed-core-11.0.20.jar:11.0.20]
	at org.apache.catalina.core.StandardEngineValve.invoke(StandardEngineValve.java:72) ~[tomcat-embed-core-11.0.20.jar:11.0.20]
	at org.apache.catalina.connector.CoyoteAdapter.service(CoyoteAdapter.java:341) ~[tomcat-embed-core-11.0.20.jar:11.0.20]
	at org.apache.coyote.http11.Http11Processor.service(Http11Processor.java:397) ~[tomcat-embed-core-11.0.20.jar:11.0.20]
	at org.apache.coyote.AbstractProcessorLight.process(AbstractProcessorLight.java:63) ~[tomcat-embed-core-11.0.20.jar:11.0.20]
	at org.apache.coyote.AbstractProtocol$ConnectionHandler.process(AbstractProtocol.java:903) ~[tomcat-embed-core-11.0.20.jar:11.0.20]
	at org.apache.tomcat.util.net.NioEndpoint$SocketProcessor.doRun(NioEndpoint.java:1779) ~[tomcat-embed-core-11.0.20.jar:11.0.20]
	at org.apache.tomcat.util.net.SocketProcessorBase.run(SocketProcessorBase.java:52) ~[tomcat-embed-core-11.0.20.jar:11.0.20]
	at org.apache.tomcat.util.threads.ThreadPoolExecutor.runWorker(ThreadPoolExecutor.java:946) ~[tomcat-embed-core-11.0.20.jar:11.0.20]
	at org.apache.tomcat.util.threads.ThreadPoolExecutor$Worker.run(ThreadPoolExecutor.java:480) ~[tomcat-embed-core-11.0.20.jar:11.0.20]
	at org.apache.tomcat.util.threads.TaskThread$WrappingRunnable.run(TaskThread.java:57) ~[tomcat-embed-core-11.0.20.jar:11.0.20]
	at java.base/java.lang.Thread.run(Thread.java:1570) ~[na:na]
Caused by: org.springframework.web.client.ResourceAccessException: I/O error on POST request for "http://localhost:8083/internal/cancel-limit/compensate": Connection refused
	at org.springframework.web.client.RestTemplate.createResourceAccessException(RestTemplate.java:780) ~[spring-web-7.0.6.jar:7.0.6]
	at org.springframework.web.client.RestTemplate.doExecute(RestTemplate.java:760) ~[spring-web-7.0.6.jar:7.0.6]
	at org.springframework.web.client.RestTemplate.execute(RestTemplate.java:677) ~[spring-web-7.0.6.jar:7.0.6]
	at org.springframework.web.client.RestTemplate.postForEntity(RestTemplate.java:430) ~[spring-web-7.0.6.jar:7.0.6]
	at com.example.payment.infrastructure.http.RiskManagementHttpClient.lambda$compensate$1(RiskManagementHttpClient.java:73) ~[main/:na]
	at io.github.resilience4j.circuitbreaker.CircuitBreaker.lambda$decorateCheckedSupplier$0(CircuitBreaker.java:71) ~[resilience4j-circuitbreaker-2.2.0.jar:2.2.0]
	at io.github.resilience4j.circuitbreaker.CircuitBreaker.executeCheckedSupplier(CircuitBreaker.java:739) ~[resilience4j-circuitbreaker-2.2.0.jar:2.2.0]
	at com.example.payment.infrastructure.http.RiskManagementHttpClient.compensate(RiskManagementHttpClient.java:66) ~[main/:na]
	... 47 common frames omitted
Caused by: java.net.ConnectException: Connection refused
	at java.base/sun.nio.ch.Net.connect0(Native Method) ~[na:na]
	at java.base/sun.nio.ch.Net.connect(Net.java:589) ~[na:na]
	at java.base/sun.nio.ch.Net.connect(Net.java:578) ~[na:na]
	at java.base/sun.nio.ch.NioSocketImpl.connect(NioSocketImpl.java:583) ~[na:na]
	at java.base/java.net.Socket.connect(Socket.java:752) ~[na:na]
	at java.base/java.net.Socket.connect(Socket.java:687) ~[na:na]
	at java.base/sun.net.NetworkClient.doConnect(NetworkClient.java:183) ~[na:na]
	at java.base/sun.net.www.http.HttpClient.openServer(HttpClient.java:531) ~[na:na]
	at java.base/sun.net.www.http.HttpClient.openServer(HttpClient.java:636) ~[na:na]
	at java.base/sun.net.www.http.HttpClient.<init>(HttpClient.java:280) ~[na:na]
	at java.base/sun.net.www.http.HttpClient.New(HttpClient.java:386) ~[na:na]
	at java.base/sun.net.www.http.HttpClient.New(HttpClient.java:408) ~[na:na]
	at java.base/sun.net.www.protocol.http.HttpURLConnection.getNewHttpClient(HttpURLConnection.java:1310) ~[na:na]
	at java.base/sun.net.www.protocol.http.HttpURLConnection.plainConnect0(HttpURLConnection.java:1243) ~[na:na]
	at java.base/sun.net.www.protocol.http.HttpURLConnection.plainConnect(HttpURLConnection.java:1129) ~[na:na]
	at java.base/sun.net.www.protocol.http.HttpURLConnection.connect(HttpURLConnection.java:1058) ~[na:na]
	at org.springframework.http.client.SimpleClientHttpRequest.executeInternal(SimpleClientHttpRequest.java:80) ~[spring-web-7.0.6.jar:7.0.6]
	at org.springframework.http.client.AbstractStreamingClientHttpRequest.executeInternal(AbstractStreamingClientHttpRequest.java:87) ~[spring-web-7.0.6.jar:7.0.6]
	at org.springframework.http.client.AbstractClientHttpRequest.execute(AbstractClientHttpRequest.java:80) ~[spring-web-7.0.6.jar:7.0.6]
	at org.springframework.web.client.RestTemplate.doExecute(RestTemplate.java:754) ~[spring-web-7.0.6.jar:7.0.6]
	... 53 common frames omitted

[2m2026-04-27T21:42:38.000+09:00[0;39m [33m WARN[0;39m [35m57752[0;39m [2m--- [payment-service] [nio-8080-exec-4] [0;39m[36mc.e.p.p.c.GlobalExceptionHandler        [0;39m [2m:[0;39m BusinessException: code=RISK_SERVICE_UNAVAILABLE, message=risk-management 서비스 오류
[2m2026-04-27T21:43:03.393+09:00[0;39m [32m INFO[0;39m [35m57752[0;39m [2m--- [payment-service] [   scheduling-1] [0;39m[36mc.e.p.a.s.CompensationRetryService      [0;39m [2m:[0;39m [compensation-retry] 실행 now=2026-04-27T21:43:03.388204 대상=0건
[2m2026-04-27T21:43:33.410+09:00[0;39m [32m INFO[0;39m [35m57752[0;39m [2m--- [payment-service] [   scheduling-1] [0;39m[36mc.e.p.a.s.CompensationRetryService      [0;39m [2m:[0;39m [compensation-retry] 실행 now=2026-04-27T21:43:33.405439 대상=0건
[2m2026-04-27T21:44:03.428+09:00[0;39m [32m INFO[0;39m [35m57752[0;39m [2m--- [payment-service] [   scheduling-1] [0;39m[36mc.e.p.a.s.CompensationRetryService      [0;39m [2m:[0;39m [compensation-retry] 실행 now=2026-04-27T21:44:03.420589 대상=1건
[2m2026-04-27T21:44:03.430+09:00[0;39m [32m INFO[0;39m [35m57752[0;39m [2m--- [payment-service] [   scheduling-1] [0;39m[36mc.e.p.a.s.CompensationRetryService      [0;39m [2m:[0;39m [compensation-retry] 시도 #1 cancelRequestId=1 merchantId=1
[2m2026-04-27T21:44:03.650+09:00[0;39m [32m INFO[0;39m [35m57752[0;39m [2m--- [payment-service] [   scheduling-1] [0;39m[36mc.e.p.a.s.CompensationRetryService      [0;39m [2m:[0;39m [compensation-retry] 성공 cancelRequestId=1
[2m2026-04-27T21:44:33.668+09:00[0;39m [32m INFO[0;39m [35m57752[0;39m [2m--- [payment-service] [   scheduling-1] [0;39m[36mc.e.p.a.s.CompensationRetryService      [0;39m [2m:[0;39m [compensation-retry] 실행 now=2026-04-27T21:44:33.656440 대상=0건
[2m2026-04-27T21:45:03.687+09:00[0;39m [32m INFO[0;39m [35m57752[0;39m [2m--- [payment-service] [   scheduling-1] [0;39m[36mc.e.p.a.s.CompensationRetryService      [0;39m [2m:[0;39m [compensation-retry] 실행 now=2026-04-27T21:45:03.677815 대상=0건
[2m2026-04-27T21:45:33.710+09:00[0;39m [32m INFO[0;39m [35m57752[0;39m [2m--- [payment-service] [   scheduling-1] [0;39m[36mc.e.p.a.s.CompensationRetryService      [0;39m [2m:[0;39m [compensation-retry] 실행 now=2026-04-27T21:45:33.696624 대상=0건
[2m2026-04-27T21:46:03.739+09:00[0;39m [32m INFO[0;39m [35m57752[0;39m [2m--- [payment-service] [   scheduling-1] [0;39m[36mc.e.p.a.s.CompensationRetryService      [0;39m [2m:[0;39m [compensation-retry] 실행 now=2026-04-27T21:46:03.723939 대상=0건
[2m2026-04-27T21:46:33.754+09:00[0;39m [32m INFO[0;39m [35m57752[0;39m [2m--- [payment-service] [   scheduling-1] [0;39m[36mc.e.p.a.s.CompensationRetryService      [0;39m [2m:[0;39m [compensation-retry] 실행 now=2026-04-27T21:46:33.749165 대상=0건
[2m2026-04-27T21:47:03.765+09:00[0;39m [32m INFO[0;39m [35m57752[0;39m [2m--- [payment-service] [   scheduling-1] [0;39m[36mc.e.p.a.s.CompensationRetryService      [0;39m [2m:[0;39m [compensation-retry] 실행 now=2026-04-27T21:47:03.760627 대상=0건
[2m2026-04-27T21:47:33.785+09:00[0;39m [32m INFO[0;39m [35m57752[0;39m [2m--- [payment-service] [   scheduling-1] [0;39m[36mc.e.p.a.s.CompensationRetryService      [0;39m [2m:[0;39m [compensation-retry] 실행 now=2026-04-27T21:47:33.774121 대상=0건
[2m2026-04-27T21:48:03.802+09:00[0;39m [32m INFO[0;39m [35m57752[0;39m [2m--- [payment-service] [   scheduling-1] [0;39m[36mc.e.p.a.s.CompensationRetryService      [0;39m [2m:[0;39m [compensation-retry] 실행 now=2026-04-27T21:48:03.795339 대상=0건
[2m2026-04-27T21:48:33.816+09:00[0;39m [32m INFO[0;39m [35m57752[0;39m [2m--- [payment-service] [   scheduling-1] [0;39m[36mc.e.p.a.s.CompensationRetryService      [0;39m [2m:[0;39m [compensation-retry] 실행 now=2026-04-27T21:48:33.812405 대상=0건
[2m2026-04-27T21:49:03.831+09:00[0;39m [32m INFO[0;39m [35m57752[0;39m [2m--- [payment-service] [   scheduling-1] [0;39m[36mc.e.p.a.s.CompensationRetryService      [0;39m [2m:[0;39m [compensation-retry] 실행 now=2026-04-27T21:49:03.826028 대상=0건
[2m2026-04-27T21:49:33.851+09:00[0;39m [32m INFO[0;39m [35m57752[0;39m [2m--- [payment-service] [   scheduling-1] [0;39m[36mc.e.p.a.s.CompensationRetryService      [0;39m [2m:[0;39m [compensation-retry] 실행 now=2026-04-27T21:49:33.844046 대상=0건
[2m2026-04-27T21:50:03.882+09:00[0;39m [32m INFO[0;39m [35m57752[0;39m [2m--- [payment-service] [   scheduling-1] [0;39m[36mc.e.p.a.s.CompensationRetryService      [0;39m [2m:[0;39m [compensation-retry] 실행 now=2026-04-27T21:50:03.864105 대상=0건
[2m2026-04-27T21:50:33.906+09:00[0;39m [32m INFO[0;39m [35m57752[0;39m [2m--- [payment-service] [   scheduling-1] [0;39m[36mc.e.p.a.s.CompensationRetryService      [0;39m [2m:[0;39m [compensation-retry] 실행 now=2026-04-27T21:50:33.891430 대상=0건
[2m2026-04-27T21:51:03.922+09:00[0;39m [32m INFO[0;39m [35m57752[0;39m [2m--- [payment-service] [   scheduling-1] [0;39m[36mc.e.p.a.s.CompensationRetryService      [0;39m [2m:[0;39m [compensation-retry] 실행 now=2026-04-27T21:51:03.916307 대상=0건
[2m2026-04-27T21:51:33.942+09:00[0;39m [32m INFO[0;39m [35m57752[0;39m [2m--- [payment-service] [   scheduling-1] [0;39m[36mc.e.p.a.s.CompensationRetryService      [0;39m [2m:[0;39m [compensation-retry] 실행 now=2026-04-27T21:51:33.935319 대상=0건
[2m2026-04-27T21:52:03.961+09:00[0;39m [32m INFO[0;39m [35m57752[0;39m [2m--- [payment-service] [   scheduling-1] [0;39m[36mc.e.p.a.s.CompensationRetryService      [0;39m [2m:[0;39m [compensation-retry] 실행 now=2026-04-27T21:52:03.953574 대상=0건
[2m2026-04-27T21:52:33.993+09:00[0;39m [32m INFO[0;39m [35m57752[0;39m [2m--- [payment-service] [   scheduling-1] [0;39m[36mc.e.p.a.s.CompensationRetryService      [0;39m [2m:[0;39m [compensation-retry] 실행 now=2026-04-27T21:52:33.971638 대상=0건
[2m2026-04-27T21:53:04.008+09:00[0;39m [32m INFO[0;39m [35m57752[0;39m [2m--- [payment-service] [   scheduling-1] [0;39m[36mc.e.p.a.s.CompensationRetryService      [0;39m [2m:[0;39m [compensation-retry] 실행 now=2026-04-27T21:53:04.003739 대상=0건
[2m2026-04-27T21:53:34.024+09:00[0;39m [32m INFO[0;39m [35m57752[0;39m [2m--- [payment-service] [   scheduling-1] [0;39m[36mc.e.p.a.s.CompensationRetryService      [0;39m [2m:[0;39m [compensation-retry] 실행 now=2026-04-27T21:53:34.017925 대상=0건
[2m2026-04-27T21:54:04.042+09:00[0;39m [32m INFO[0;39m [35m57752[0;39m [2m--- [payment-service] [   scheduling-1] [0;39m[36mc.e.p.a.s.CompensationRetryService      [0;39m [2m:[0;39m [compensation-retry] 실행 now=2026-04-27T21:54:04.037726 대상=0건
[2m2026-04-27T21:54:34.056+09:00[0;39m [32m INFO[0;39m [35m57752[0;39m [2m--- [payment-service] [   scheduling-1] [0;39m[36mc.e.p.a.s.CompensationRetryService      [0;39m [2m:[0;39m [compensation-retry] 실행 now=2026-04-27T21:54:34.052897 대상=0건
[2m2026-04-27T21:55:04.069+09:00[0;39m [32m INFO[0;39m [35m57752[0;39m [2m--- [payment-service] [   scheduling-1] [0;39m[36mc.e.p.a.s.CompensationRetryService      [0;39m [2m:[0;39m [compensation-retry] 실행 now=2026-04-27T21:55:04.064152 대상=0건
[2m2026-04-27T21:55:34.084+09:00[0;39m [32m INFO[0;39m [35m57752[0;39m [2m--- [payment-service] [   scheduling-1] [0;39m[36mc.e.p.a.s.CompensationRetryService      [0;39m [2m:[0;39m [compensation-retry] 실행 now=2026-04-27T21:55:34.080024 대상=0건
[2m2026-04-27T21:56:04.104+09:00[0;39m [32m INFO[0;39m [35m57752[0;39m [2m--- [payment-service] [   scheduling-1] [0;39m[36mc.e.p.a.s.CompensationRetryService      [0;39m [2m:[0;39m [compensation-retry] 실행 now=2026-04-27T21:56:04.097413 대상=0건
[2m2026-04-27T21:56:34.121+09:00[0;39m [32m INFO[0;39m [35m57752[0;39m [2m--- [payment-service] [   scheduling-1] [0;39m[36mc.e.p.a.s.CompensationRetryService      [0;39m [2m:[0;39m [compensation-retry] 실행 now=2026-04-27T21:56:34.116006 대상=0건
[2m2026-04-27T21:57:04.130+09:00[0;39m [32m INFO[0;39m [35m57752[0;39m [2m--- [payment-service] [   scheduling-1] [0;39m[36mc.e.p.a.s.CompensationRetryService      [0;39m [2m:[0;39m [compensation-retry] 실행 now=2026-04-27T21:57:04.125939 대상=0건
[2m2026-04-27T21:57:34.144+09:00[0;39m [32m INFO[0;39m [35m57752[0;39m [2m--- [payment-service] [   scheduling-1] [0;39m[36mc.e.p.a.s.CompensationRetryService      [0;39m [2m:[0;39m [compensation-retry] 실행 now=2026-04-27T21:57:34.139579 대상=0건
[2m2026-04-27T21:58:04.159+09:00[0;39m [32m INFO[0;39m [35m57752[0;39m [2m--- [payment-service] [   scheduling-1] [0;39m[36mc.e.p.a.s.CompensationRetryService      [0;39m [2m:[0;39m [compensation-retry] 실행 now=2026-04-27T21:58:04.154432 대상=0건
[2m2026-04-27T21:58:34.169+09:00[0;39m [32m INFO[0;39m [35m57752[0;39m [2m--- [payment-service] [   scheduling-1] [0;39m[36mc.e.p.a.s.CompensationRetryService      [0;39m [2m:[0;39m [compensation-retry] 실행 now=2026-04-27T21:58:34.164817 대상=0건
[2m2026-04-27T21:59:04.188+09:00[0;39m [32m INFO[0;39m [35m57752[0;39m [2m--- [payment-service] [   scheduling-1] [0;39m[36mc.e.p.a.s.CompensationRetryService      [0;39m [2m:[0;39m [compensation-retry] 실행 now=2026-04-27T21:59:04.182976 대상=0건
[2m2026-04-27T21:59:34.211+09:00[0;39m [32m INFO[0;39m [35m57752[0;39m [2m--- [payment-service] [   scheduling-1] [0;39m[36mc.e.p.a.s.CompensationRetryService      [0;39m [2m:[0;39m [compensation-retry] 실행 now=2026-04-27T21:59:34.199620 대상=0건
[2m2026-04-27T22:00:04.227+09:00[0;39m [32m INFO[0;39m [35m57752[0;39m [2m--- [payment-service] [   scheduling-1] [0;39m[36mc.e.p.a.s.CompensationRetryService      [0;39m [2m:[0;39m [compensation-retry] 실행 now=2026-04-27T22:00:04.222620 대상=0건
[2m2026-04-27T22:00:34.239+09:00[0;39m [32m INFO[0;39m [35m57752[0;39m [2m--- [payment-service] [   scheduling-1] [0;39m[36mc.e.p.a.s.CompensationRetryService      [0;39m [2m:[0;39m [compensation-retry] 실행 now=2026-04-27T22:00:34.233339 대상=0건
[2m2026-04-27T22:01:04.257+09:00[0;39m [32m INFO[0;39m [35m57752[0;39m [2m--- [payment-service] [   scheduling-1] [0;39m[36mc.e.p.a.s.CompensationRetryService      [0;39m [2m:[0;39m [compensation-retry] 실행 now=2026-04-27T22:01:04.251690 대상=0건
[2m2026-04-27T22:01:34.278+09:00[0;39m [32m INFO[0;39m [35m57752[0;39m [2m--- [payment-service] [   scheduling-1] [0;39m[36mc.e.p.a.s.CompensationRetryService      [0;39m [2m:[0;39m [compensation-retry] 실행 now=2026-04-27T22:01:34.272219 대상=0건
[2m2026-04-27T22:02:04.292+09:00[0;39m [32m INFO[0;39m [35m57752[0;39m [2m--- [payment-service] [   scheduling-1] [0;39m[36mc.e.p.a.s.CompensationRetryService      [0;39m [2m:[0;39m [compensation-retry] 실행 now=2026-04-27T22:02:04.289291 대상=0건
[2m2026-04-27T22:02:34.303+09:00[0;39m [32m INFO[0;39m [35m57752[0;39m [2m--- [payment-service] [   scheduling-1] [0;39m[36mc.e.p.a.s.CompensationRetryService      [0;39m [2m:[0;39m [compensation-retry] 실행 now=2026-04-27T22:02:34.298772 대상=0건
[2m2026-04-27T22:03:04.319+09:00[0;39m [32m INFO[0;39m [35m57752[0;39m [2m--- [payment-service] [   scheduling-1] [0;39m[36mc.e.p.a.s.CompensationRetryService      [0;39m [2m:[0;39m [compensation-retry] 실행 now=2026-04-27T22:03:04.315593 대상=0건
[2m2026-04-27T22:03:34.337+09:00[0;39m [32m INFO[0;39m [35m57752[0;39m [2m--- [payment-service] [   scheduling-1] [0;39m[36mc.e.p.a.s.CompensationRetryService      [0;39m [2m:[0;39m [compensation-retry] 실행 now=2026-04-27T22:03:34.332137 대상=0건
[2m2026-04-27T22:04:04.355+09:00[0;39m [32m INFO[0;39m [35m57752[0;39m [2m--- [payment-service] [   scheduling-1] [0;39m[36mc.e.p.a.s.CompensationRetryService      [0;39m [2m:[0;39m [compensation-retry] 실행 now=2026-04-27T22:04:04.350855 대상=0건
[2m2026-04-27T22:04:34.371+09:00[0;39m [32m INFO[0;39m [35m57752[0;39m [2m--- [payment-service] [   scheduling-1] [0;39m[36mc.e.p.a.s.CompensationRetryService      [0;39m [2m:[0;39m [compensation-retry] 실행 now=2026-04-27T22:04:34.366685 대상=0건
[2m2026-04-27T22:05:04.383+09:00[0;39m [32m INFO[0;39m [35m57752[0;39m [2m--- [payment-service] [   scheduling-1] [0;39m[36mc.e.p.a.s.CompensationRetryService      [0;39m [2m:[0;39m [compensation-retry] 실행 now=2026-04-27T22:05:04.378148 대상=0건
[2m2026-04-27T22:05:34.404+09:00[0;39m [32m INFO[0;39m [35m57752[0;39m [2m--- [payment-service] [   scheduling-1] [0;39m[36mc.e.p.a.s.CompensationRetryService      [0;39m [2m:[0;39m [compensation-retry] 실행 now=2026-04-27T22:05:34.396675 대상=0건
[2m2026-04-27T22:06:04.422+09:00[0;39m [32m INFO[0;39m [35m57752[0;39m [2m--- [payment-service] [   scheduling-1] [0;39m[36mc.e.p.a.s.CompensationRetryService      [0;39m [2m:[0;39m [compensation-retry] 실행 now=2026-04-27T22:06:04.416527 대상=0건
[2m2026-04-27T22:06:34.439+09:00[0;39m [32m INFO[0;39m [35m57752[0;39m [2m--- [payment-service] [   scheduling-1] [0;39m[36mc.e.p.a.s.CompensationRetryService      [0;39m [2m:[0;39m [compensation-retry] 실행 now=2026-04-27T22:06:34.435365 대상=0건
[2m2026-04-27T22:07:04.457+09:00[0;39m [32m INFO[0;39m [35m57752[0;39m [2m--- [payment-service] [   scheduling-1] [0;39m[36mc.e.p.a.s.CompensationRetryService      [0;39m [2m:[0;39m [compensation-retry] 실행 now=2026-04-27T22:07:04.453743 대상=0건
[2m2026-04-27T22:07:34.470+09:00[0;39m [32m INFO[0;39m [35m57752[0;39m [2m--- [payment-service] [   scheduling-1] [0;39m[36mc.e.p.a.s.CompensationRetryService      [0;39m [2m:[0;39m [compensation-retry] 실행 now=2026-04-27T22:07:34.465900 대상=0건
[2m2026-04-27T22:08:04.483+09:00[0;39m [32m INFO[0;39m [35m57752[0;39m [2m--- [payment-service] [   scheduling-1] [0;39m[36mc.e.p.a.s.CompensationRetryService      [0;39m [2m:[0;39m [compensation-retry] 실행 now=2026-04-27T22:08:04.480180 대상=0건
[2m2026-04-27T22:08:34.503+09:00[0;39m [32m INFO[0;39m [35m57752[0;39m [2m--- [payment-service] [   scheduling-1] [0;39m[36mc.e.p.a.s.CompensationRetryService      [0;39m [2m:[0;39m [compensation-retry] 실행 now=2026-04-27T22:08:34.496033 대상=0건
[2m2026-04-27T22:09:04.527+09:00[0;39m [32m INFO[0;39m [35m57752[0;39m [2m--- [payment-service] [   scheduling-1] [0;39m[36mc.e.p.a.s.CompensationRetryService      [0;39m [2m:[0;39m [compensation-retry] 실행 now=2026-04-27T22:09:04.522727 대상=0건
[2m2026-04-27T22:09:34.547+09:00[0;39m [32m INFO[0;39m [35m57752[0;39m [2m--- [payment-service] [   scheduling-1] [0;39m[36mc.e.p.a.s.CompensationRetryService      [0;39m [2m:[0;39m [compensation-retry] 실행 now=2026-04-27T22:09:34.539940 대상=0건
[2m2026-04-27T22:10:04.561+09:00[0;39m [32m INFO[0;39m [35m57752[0;39m [2m--- [payment-service] [   scheduling-1] [0;39m[36mc.e.p.a.s.CompensationRetryService      [0;39m [2m:[0;39m [compensation-retry] 실행 now=2026-04-27T22:10:04.555350 대상=0건
[2m2026-04-27T22:10:34.576+09:00[0;39m [32m INFO[0;39m [35m57752[0;39m [2m--- [payment-service] [   scheduling-1] [0;39m[36mc.e.p.a.s.CompensationRetryService      [0;39m [2m:[0;39m [compensation-retry] 실행 now=2026-04-27T22:10:34.571393 대상=0건
[2m2026-04-27T22:11:04.616+09:00[0;39m [32m INFO[0;39m [35m57752[0;39m [2m--- [payment-service] [   scheduling-1] [0;39m[36mc.e.p.a.s.CompensationRetryService      [0;39m [2m:[0;39m [compensation-retry] 실행 now=2026-04-27T22:11:04.595546 대상=0건
[2m2026-04-27T22:11:34.636+09:00[0;39m [32m INFO[0;39m [35m57752[0;39m [2m--- [payment-service] [   scheduling-1] [0;39m[36mc.e.p.a.s.CompensationRetryService      [0;39m [2m:[0;39m [compensation-retry] 실행 now=2026-04-27T22:11:34.628686 대상=0건
[2m2026-04-27T22:12:04.650+09:00[0;39m [32m INFO[0;39m [35m57752[0;39m [2m--- [payment-service] [   scheduling-1] [0;39m[36mc.e.p.a.s.CompensationRetryService      [0;39m [2m:[0;39m [compensation-retry] 실행 now=2026-04-27T22:12:04.643324 대상=0건
[2m2026-04-27T22:12:34.670+09:00[0;39m [32m INFO[0;39m [35m57752[0;39m [2m--- [payment-service] [   scheduling-1] [0;39m[36mc.e.p.a.s.CompensationRetryService      [0;39m [2m:[0;39m [compensation-retry] 실행 now=2026-04-27T22:12:34.664384 대상=0건
[2m2026-04-27T22:13:04.687+09:00[0;39m [32m INFO[0;39m [35m57752[0;39m [2m--- [payment-service] [   scheduling-1] [0;39m[36mc.e.p.a.s.CompensationRetryService      [0;39m [2m:[0;39m [compensation-retry] 실행 now=2026-04-27T22:13:04.681328 대상=0건
[2m2026-04-27T22:13:34.708+09:00[0;39m [32m INFO[0;39m [35m57752[0;39m [2m--- [payment-service] [   scheduling-1] [0;39m[36mc.e.p.a.s.CompensationRetryService      [0;39m [2m:[0;39m [compensation-retry] 실행 now=2026-04-27T22:13:34.702660 대상=0건
[2m2026-04-27T22:14:04.731+09:00[0;39m [32m INFO[0;39m [35m57752[0;39m [2m--- [payment-service] [   scheduling-1] [0;39m[36mc.e.p.a.s.CompensationRetryService      [0;39m [2m:[0;39m [compensation-retry] 실행 now=2026-04-27T22:14:04.722999 대상=0건
[2m2026-04-27T22:14:34.749+09:00[0;39m [32m INFO[0;39m [35m57752[0;39m [2m--- [payment-service] [   scheduling-1] [0;39m[36mc.e.p.a.s.CompensationRetryService      [0;39m [2m:[0;39m [compensation-retry] 실행 now=2026-04-27T22:14:34.741187 대상=0건
[2m2026-04-27T22:15:04.765+09:00[0;39m [32m INFO[0;39m [35m57752[0;39m [2m--- [payment-service] [   scheduling-1] [0;39m[36mc.e.p.a.s.CompensationRetryService      [0;39m [2m:[0;39m [compensation-retry] 실행 now=2026-04-27T22:15:04.759835 대상=0건
[2m2026-04-27T22:15:34.785+09:00[0;39m [32m INFO[0;39m [35m57752[0;39m [2m--- [payment-service] [   scheduling-1] [0;39m[36mc.e.p.a.s.CompensationRetryService      [0;39m [2m:[0;39m [compensation-retry] 실행 now=2026-04-27T22:15:34.780814 대상=0건
[2m2026-04-27T22:16:04.806+09:00[0;39m [32m INFO[0;39m [35m57752[0;39m [2m--- [payment-service] [   scheduling-1] [0;39m[36mc.e.p.a.s.CompensationRetryService      [0;39m [2m:[0;39m [compensation-retry] 실행 now=2026-04-27T22:16:04.800514 대상=0건
[2m2026-04-27T22:16:34.828+09:00[0;39m [32m INFO[0;39m [35m57752[0;39m [2m--- [payment-service] [   scheduling-1] [0;39m[36mc.e.p.a.s.CompensationRetryService      [0;39m [2m:[0;39m [compensation-retry] 실행 now=2026-04-27T22:16:34.820930 대상=0건
[2m2026-04-27T22:17:04.846+09:00[0;39m [32m INFO[0;39m [35m57752[0;39m [2m--- [payment-service] [   scheduling-1] [0;39m[36mc.e.p.a.s.CompensationRetryService      [0;39m [2m:[0;39m [compensation-retry] 실행 now=2026-04-27T22:17:04.840918 대상=0건
[2m2026-04-27T22:17:34.865+09:00[0;39m [32m INFO[0;39m [35m57752[0;39m [2m--- [payment-service] [   scheduling-1] [0;39m[36mc.e.p.a.s.CompensationRetryService      [0;39m [2m:[0;39m [compensation-retry] 실행 now=2026-04-27T22:17:34.860199 대상=0건
[2m2026-04-27T22:18:04.881+09:00[0;39m [32m INFO[0;39m [35m57752[0;39m [2m--- [payment-service] [   scheduling-1] [0;39m[36mc.e.p.a.s.CompensationRetryService      [0;39m [2m:[0;39m [compensation-retry] 실행 now=2026-04-27T22:18:04.874955 대상=0건
[2m2026-04-27T22:18:34.901+09:00[0;39m [32m INFO[0;39m [35m57752[0;39m [2m--- [payment-service] [   scheduling-1] [0;39m[36mc.e.p.a.s.CompensationRetryService      [0;39m [2m:[0;39m [compensation-retry] 실행 now=2026-04-27T22:18:34.896744 대상=0건
[2m2026-04-27T22:19:04.917+09:00[0;39m [32m INFO[0;39m [35m57752[0;39m [2m--- [payment-service] [   scheduling-1] [0;39m[36mc.e.p.a.s.CompensationRetryService      [0;39m [2m:[0;39m [compensation-retry] 실행 now=2026-04-27T22:19:04.913537 대상=0건
