> Task :risk-management-service:compileJava UP-TO-DATE
> Task :risk-management-service:processResources UP-TO-DATE
> Task :risk-management-service:classes UP-TO-DATE
> Task :risk-management-service:resolveMainClassName UP-TO-DATE

> Task :risk-management-service:bootRun

  .   ____          _            __ _ _
 /\\ / ___'_ __ _ _(_)_ __  __ _ \ \ \ \
( ( )\___ | '_ | '_| | '_ \/ _` | \ \ \ \
 \\/  ___)| |_)| | | | | || (_| |  ) ) ) )
  '  |____| .__|_| |_|_| |_\__, | / / / /
 =========|_|==============|___/=/_/_/_/

[32m :: Spring Boot :: [39m              [2m (v4.0.5)[0;39m

[2m2026-04-27T21:42:41.424+09:00[0;39m [32m INFO[0;39m [35m57883[0;39m [2m--- [risk-management-service] [           main] [0;39m[36mc.e.r.RiskManagementApplication         [0;39m [2m:[0;39m Starting RiskManagementApplication using Java 22 with PID 57883 (/Users/juho/IdeaProjects/multicommerce/risk-management-service/build/classes/java/main started by juho in /Users/juho/IdeaProjects/multicommerce/risk-management-service)
[2m2026-04-27T21:42:41.426+09:00[0;39m [32m INFO[0;39m [35m57883[0;39m [2m--- [risk-management-service] [           main] [0;39m[36mc.e.r.RiskManagementApplication         [0;39m [2m:[0;39m No active profile set, falling back to 1 default profile: "default"
[2m2026-04-27T21:42:41.644+09:00[0;39m [32m INFO[0;39m [35m57883[0;39m [2m--- [risk-management-service] [           main] [0;39m[36m.s.d.r.c.RepositoryConfigurationDelegate[0;39m [2m:[0;39m Multiple Spring Data modules found, entering strict repository configuration mode
[2m2026-04-27T21:42:41.644+09:00[0;39m [32m INFO[0;39m [35m57883[0;39m [2m--- [risk-management-service] [           main] [0;39m[36m.s.d.r.c.RepositoryConfigurationDelegate[0;39m [2m:[0;39m Bootstrapping Spring Data JPA repositories in DEFAULT mode.
[2m2026-04-27T21:42:41.742+09:00[0;39m [32m INFO[0;39m [35m57883[0;39m [2m--- [risk-management-service] [           main] [0;39m[36m.s.d.r.c.RepositoryConfigurationDelegate[0;39m [2m:[0;39m Finished Spring Data repository scanning in 94 ms. Found 3 JPA repository interfaces.
[2m2026-04-27T21:42:41.835+09:00[0;39m [32m INFO[0;39m [35m57883[0;39m [2m--- [risk-management-service] [           main] [0;39m[36m.s.d.r.c.RepositoryConfigurationDelegate[0;39m [2m:[0;39m Multiple Spring Data modules found, entering strict repository configuration mode
[2m2026-04-27T21:42:41.836+09:00[0;39m [32m INFO[0;39m [35m57883[0;39m [2m--- [risk-management-service] [           main] [0;39m[36m.s.d.r.c.RepositoryConfigurationDelegate[0;39m [2m:[0;39m Bootstrapping Spring Data Redis repositories in DEFAULT mode.
[2m2026-04-27T21:42:41.845+09:00[0;39m [32m INFO[0;39m [35m57883[0;39m [2m--- [risk-management-service] [           main] [0;39m[36m.RepositoryConfigurationExtensionSupport[0;39m [2m:[0;39m Spring Data Redis - Could not safely identify store assignment for repository candidate interface com.example.riskmanagement.infrastructure.persistence.CancelUsageCompensationJpaRepository; If you want this repository to be a Redis repository, consider annotating your entities with one of these annotations: org.springframework.data.redis.core.RedisHash (preferred), or consider extending one of the following types with your repository: org.springframework.data.keyvalue.repository.KeyValueRepository
[2m2026-04-27T21:42:41.845+09:00[0;39m [32m INFO[0;39m [35m57883[0;39m [2m--- [risk-management-service] [           main] [0;39m[36m.RepositoryConfigurationExtensionSupport[0;39m [2m:[0;39m Spring Data Redis - Could not safely identify store assignment for repository candidate interface com.example.riskmanagement.infrastructure.persistence.CancelUsageHistoryJpaRepository; If you want this repository to be a Redis repository, consider annotating your entities with one of these annotations: org.springframework.data.redis.core.RedisHash (preferred), or consider extending one of the following types with your repository: org.springframework.data.keyvalue.repository.KeyValueRepository
[2m2026-04-27T21:42:41.845+09:00[0;39m [32m INFO[0;39m [35m57883[0;39m [2m--- [risk-management-service] [           main] [0;39m[36m.RepositoryConfigurationExtensionSupport[0;39m [2m:[0;39m Spring Data Redis - Could not safely identify store assignment for repository candidate interface com.example.riskmanagement.infrastructure.persistence.MerchantCancelUsageJpaRepository; If you want this repository to be a Redis repository, consider annotating your entities with one of these annotations: org.springframework.data.redis.core.RedisHash (preferred), or consider extending one of the following types with your repository: org.springframework.data.keyvalue.repository.KeyValueRepository
[2m2026-04-27T21:42:41.845+09:00[0;39m [32m INFO[0;39m [35m57883[0;39m [2m--- [risk-management-service] [           main] [0;39m[36m.s.d.r.c.RepositoryConfigurationDelegate[0;39m [2m:[0;39m Finished Spring Data repository scanning in 6 ms. Found 0 Redis repository interfaces.
[2m2026-04-27T21:42:42.157+09:00[0;39m [32m INFO[0;39m [35m57883[0;39m [2m--- [risk-management-service] [           main] [0;39m[36mo.s.boot.tomcat.TomcatWebServer         [0;39m [2m:[0;39m Tomcat initialized with port 8083 (http)
[2m2026-04-27T21:42:42.163+09:00[0;39m [32m INFO[0;39m [35m57883[0;39m [2m--- [risk-management-service] [           main] [0;39m[36mo.apache.catalina.core.StandardService  [0;39m [2m:[0;39m Starting service [Tomcat]
[2m2026-04-27T21:42:42.163+09:00[0;39m [32m INFO[0;39m [35m57883[0;39m [2m--- [risk-management-service] [           main] [0;39m[36mo.apache.catalina.core.StandardEngine   [0;39m [2m:[0;39m Starting Servlet engine: [Apache Tomcat/11.0.20]
[2m2026-04-27T21:42:42.183+09:00[0;39m [32m INFO[0;39m [35m57883[0;39m [2m--- [risk-management-service] [           main] [0;39m[36mb.w.c.s.WebApplicationContextInitializer[0;39m [2m:[0;39m Root WebApplicationContext: initialization completed in 738 ms
[2m2026-04-27T21:42:42.360+09:00[0;39m [32m INFO[0;39m [35m57883[0;39m [2m--- [risk-management-service] [           main] [0;39m[36mcom.zaxxer.hikari.HikariDataSource      [0;39m [2m:[0;39m HikariPool-1 - Starting...
[2m2026-04-27T21:42:42.461+09:00[0;39m [32m INFO[0;39m [35m57883[0;39m [2m--- [risk-management-service] [           main] [0;39m[36mcom.zaxxer.hikari.pool.HikariPool       [0;39m [2m:[0;39m HikariPool-1 - Added connection com.mysql.cj.jdbc.ConnectionImpl@2d593b56
[2m2026-04-27T21:42:42.462+09:00[0;39m [32m INFO[0;39m [35m57883[0;39m [2m--- [risk-management-service] [           main] [0;39m[36mcom.zaxxer.hikari.HikariDataSource      [0;39m [2m:[0;39m HikariPool-1 - Start completed.
[2m2026-04-27T21:42:42.487+09:00[0;39m [32m INFO[0;39m [35m57883[0;39m [2m--- [risk-management-service] [           main] [0;39m[36morg.flywaydb.core.FlywayExecutor        [0;39m [2m:[0;39m Database: jdbc:mysql://localhost:3309/risk_db?serverTimezone=UTC&useSSL=false&allowPublicKeyRetrieval=true (MySQL 8.0)
[2m2026-04-27T21:42:42.734+09:00[0;39m [32m INFO[0;39m [35m57883[0;39m [2m--- [risk-management-service] [           main] [0;39m[36mo.f.core.internal.command.DbValidate    [0;39m [2m:[0;39m Successfully validated 1 migration (execution time 00:00.017s)
[2m2026-04-27T21:42:42.748+09:00[0;39m [32m INFO[0;39m [35m57883[0;39m [2m--- [risk-management-service] [           main] [0;39m[36mo.f.core.internal.command.DbMigrate     [0;39m [2m:[0;39m Current version of schema `risk_db`: 1
[2m2026-04-27T21:42:42.750+09:00[0;39m [32m INFO[0;39m [35m57883[0;39m [2m--- [risk-management-service] [           main] [0;39m[36mo.f.core.internal.command.DbMigrate     [0;39m [2m:[0;39m Schema `risk_db` is up to date. No migration necessary.
[2m2026-04-27T21:42:42.800+09:00[0;39m [32m INFO[0;39m [35m57883[0;39m [2m--- [risk-management-service] [           main] [0;39m[36morg.hibernate.orm.jpa                   [0;39m [2m:[0;39m HHH008540: Processing PersistenceUnitInfo [name: default]
[2m2026-04-27T21:42:42.821+09:00[0;39m [32m INFO[0;39m [35m57883[0;39m [2m--- [risk-management-service] [           main] [0;39m[36morg.hibernate.orm.core                  [0;39m [2m:[0;39m HHH000001: Hibernate ORM core version 7.2.7.Final
[2m2026-04-27T21:42:42.980+09:00[0;39m [32m INFO[0;39m [35m57883[0;39m [2m--- [risk-management-service] [           main] [0;39m[36mo.s.o.j.p.SpringPersistenceUnitInfo     [0;39m [2m:[0;39m No LoadTimeWeaver setup: ignoring JPA class transformer
[2m2026-04-27T21:42:43.015+09:00[0;39m [32m INFO[0;39m [35m57883[0;39m [2m--- [risk-management-service] [           main] [0;39m[36morg.hibernate.orm.connections.pooling   [0;39m [2m:[0;39m HHH10001005: Database info:
	Database JDBC URL [jdbc:mysql://localhost:3309/risk_db?serverTimezone=UTC&useSSL=false&allowPublicKeyRetrieval=true]
	Database driver: MySQL Connector/J
	Database dialect: MySQLDialect
	Database version: 8.0.46
	Default catalog/schema: risk_db/undefined
	Autocommit mode: undefined/unknown
	Isolation level: REPEATABLE_READ [default REPEATABLE_READ]
	JDBC fetch size: none
	Pool: DataSourceConnectionProvider
	Minimum pool size: undefined/unknown
	Maximum pool size: undefined/unknown
[2m2026-04-27T21:42:43.354+09:00[0;39m [32m INFO[0;39m [35m57883[0;39m [2m--- [risk-management-service] [           main] [0;39m[36morg.hibernate.orm.core                  [0;39m [2m:[0;39m HHH000489: No JTA platform available (set 'hibernate.transaction.jta.platform' to enable JTA platform integration)
[2m2026-04-27T21:42:43.373+09:00[0;39m [32m INFO[0;39m [35m57883[0;39m [2m--- [risk-management-service] [           main] [0;39m[36mj.LocalContainerEntityManagerFactoryBean[0;39m [2m:[0;39m Initialized JPA EntityManagerFactory for persistence unit 'default'
[2m2026-04-27T21:42:43.447+09:00[0;39m [32m INFO[0;39m [35m57883[0;39m [2m--- [risk-management-service] [           main] [0;39m[36mo.s.d.j.r.query.QueryEnhancerFactories  [0;39m [2m:[0;39m Hibernate is in classpath; If applicable, HQL parser will be used.
[2m2026-04-27T21:42:45.565+09:00[0;39m [33m WARN[0;39m [35m57883[0;39m [2m--- [risk-management-service] [           main] [0;39m[36mi.n.r.d.DnsServerAddressStreamProviders [0;39m [2m:[0;39m Can not find io.netty.resolver.dns.macos.MacOSDnsServerAddressStreamProvider in the classpath, fallback to system defaults. This may result in incorrect DNS resolutions on MacOS. Check whether you have a dependency on 'io.netty:netty-resolver-dns-native-macos'
[2m2026-04-27T21:42:46.229+09:00[0;39m [33m WARN[0;39m [35m57883[0;39m [2m--- [risk-management-service] [           main] [0;39m[36mJpaBaseConfiguration$JpaWebConfiguration[0;39m [2m:[0;39m spring.jpa.open-in-view is enabled by default. Therefore, database queries may be performed during view rendering. Explicitly configure spring.jpa.open-in-view to disable this warning
[2m2026-04-27T21:42:46.642+09:00[0;39m [32m INFO[0;39m [35m57883[0;39m [2m--- [risk-management-service] [           main] [0;39m[36mo.s.boot.tomcat.TomcatWebServer         [0;39m [2m:[0;39m Tomcat started on port 8083 (http) with context path '/'
[2m2026-04-27T21:42:46.646+09:00[0;39m [32m INFO[0;39m [35m57883[0;39m [2m--- [risk-management-service] [           main] [0;39m[36mc.e.r.RiskManagementApplication         [0;39m [2m:[0;39m Started RiskManagementApplication in 5.422 seconds (process running for 5.568)
[2m2026-04-27T21:42:48.536+09:00[0;39m [32m INFO[0;39m [35m57883[0;39m [2m--- [risk-management-service] [nio-8083-exec-1] [0;39m[36mo.a.c.c.C.[Tomcat].[localhost].[/]      [0;39m [2m:[0;39m Initializing Spring DispatcherServlet 'dispatcherServlet'
[2m2026-04-27T21:42:48.537+09:00[0;39m [32m INFO[0;39m [35m57883[0;39m [2m--- [risk-management-service] [nio-8083-exec-1] [0;39m[36mo.s.web.servlet.DispatcherServlet       [0;39m [2m:[0;39m Initializing Servlet 'dispatcherServlet'
[2m2026-04-27T21:42:48.537+09:00[0;39m [32m INFO[0;39m [35m57883[0;39m [2m--- [risk-management-service] [nio-8083-exec-1] [0;39m[36mo.s.web.servlet.DispatcherServlet       [0;39m [2m:[0;39m Completed initialization in 0 ms
[2m2026-04-27T21:42:48.549+09:00[0;39m [31mERROR[0;39m [35m57883[0;39m [2m--- [risk-management-service] [nio-8083-exec-1] [0;39m[36mc.e.r.p.GlobalExceptionHandler          [0;39m [2m:[0;39m Unexpected error

org.springframework.web.servlet.resource.NoResourceFoundException: No static resource actuator/health for request '/actuator/health'.
	at org.springframework.web.servlet.resource.ResourceHttpRequestHandler.handleRequest(ResourceHttpRequestHandler.java:527) ~[spring-webmvc-7.0.6.jar:7.0.6]
	at org.springframework.web.servlet.mvc.HttpRequestHandlerAdapter.handle(HttpRequestHandlerAdapter.java:50) ~[spring-webmvc-7.0.6.jar:7.0.6]
	at org.springframework.web.servlet.DispatcherServlet.doDispatch(DispatcherServlet.java:963) ~[spring-webmvc-7.0.6.jar:7.0.6]
	at org.springframework.web.servlet.DispatcherServlet.doService(DispatcherServlet.java:866) ~[spring-webmvc-7.0.6.jar:7.0.6]
	at org.springframework.web.servlet.FrameworkServlet.processRequest(FrameworkServlet.java:1000) ~[spring-webmvc-7.0.6.jar:7.0.6]
	at org.springframework.web.servlet.FrameworkServlet.doGet(FrameworkServlet.java:892) ~[spring-webmvc-7.0.6.jar:7.0.6]
	at jakarta.servlet.http.HttpServlet.service(HttpServlet.java:622) ~[tomcat-embed-core-11.0.20.jar:6.1]
	at org.springframework.web.servlet.FrameworkServlet.service(FrameworkServlet.java:874) ~[spring-webmvc-7.0.6.jar:7.0.6]
	at jakarta.servlet.http.HttpServlet.service(HttpServlet.java:710) ~[tomcat-embed-core-11.0.20.jar:6.1]
	at org.apache.catalina.core.ApplicationFilterChain.doFilter(ApplicationFilterChain.java:128) ~[tomcat-embed-core-11.0.20.jar:11.0.20]
	at org.apache.tomcat.websocket.server.WsFilter.doFilter(WsFilter.java:53) ~[tomcat-embed-websocket-11.0.20.jar:11.0.20]
	at org.apache.catalina.core.ApplicationFilterChain.doFilter(ApplicationFilterChain.java:107) ~[tomcat-embed-core-11.0.20.jar:11.0.20]
	at org.springframework.web.filter.RequestContextFilter.doFilterInternal(RequestContextFilter.java:100) ~[spring-web-7.0.6.jar:7.0.6]
	at org.springframework.web.filter.OncePerRequestFilter.doFilter(OncePerRequestFilter.java:116) ~[spring-web-7.0.6.jar:7.0.6]
	at org.apache.catalina.core.ApplicationFilterChain.doFilter(ApplicationFilterChain.java:107) ~[tomcat-embed-core-11.0.20.jar:11.0.20]
	at org.springframework.web.filter.FormContentFilter.doFilterInternal(FormContentFilter.java:93) ~[spring-web-7.0.6.jar:7.0.6]
	at org.springframework.web.filter.OncePerRequestFilter.doFilter(OncePerRequestFilter.java:116) ~[spring-web-7.0.6.jar:7.0.6]
	at org.apache.catalina.core.ApplicationFilterChain.doFilter(ApplicationFilterChain.java:107) ~[tomcat-embed-core-11.0.20.jar:11.0.20]
	at org.springframework.web.filter.CharacterEncodingFilter.doFilterInternal(CharacterEncodingFilter.java:199) ~[spring-web-7.0.6.jar:7.0.6]
	at org.springframework.web.filter.OncePerRequestFilter.doFilter(OncePerRequestFilter.java:116) ~[spring-web-7.0.6.jar:7.0.6]
	at org.apache.catalina.core.ApplicationFilterChain.doFilter(ApplicationFilterChain.java:107) ~[tomcat-embed-core-11.0.20.jar:11.0.20]
	at org.apache.catalina.core.StandardWrapperValve.invoke(StandardWrapperValve.java:165) ~[tomcat-embed-core-11.0.20.jar:11.0.20]
	at org.apache.catalina.core.StandardContextValve.invoke(StandardContextValve.java:77) ~[tomcat-embed-core-11.0.20.jar:11.0.20]
	at org.apache.catalina.authenticator.AuthenticatorBase.invoke(AuthenticatorBase.java:492) ~[tomcat-embed-core-11.0.20.jar:11.0.20]
	at org.apache.catalina.core.StandardHostValve.invoke(StandardHostValve.java:113) ~[tomcat-embed-core-11.0.20.jar:11.0.20]
	at org.apache.catalina.valves.ErrorReportValve.invoke(ErrorReportValve.java:83) ~[tomcat-embed-core-11.0.20.jar:11.0.20]
	at org.apache.catalina.core.StandardEngineValve.invoke(StandardEngineValve.java:72) ~[tomcat-embed-core-11.0.20.jar:11.0.20]
	at org.apache.catalina.connector.CoyoteAdapter.service(CoyoteAdapter.java:341) ~[tomcat-embed-core-11.0.20.jar:11.0.20]
	at org.apache.coyote.http11.Http11Processor.service(Http11Processor.java:397) ~[tomcat-embed-core-11.0.20.jar:11.0.20]
	at org.apache.coyote.AbstractProcessorLight.process(AbstractProcessorLight.java:63) ~[tomcat-embed-core-11.0.20.jar:11.0.20]
	at org.apache.coyote.AbstractProtocol$ConnectionHandler.process(AbstractProtocol.java:903) ~[tomcat-embed-core-11.0.20.jar:11.0.20]
	at org.apache.tomcat.util.net.NioEndpoint$SocketProcessor.doRun(NioEndpoint.java:1779) ~[tomcat-embed-core-11.0.20.jar:11.0.20]
	at org.apache.tomcat.util.net.SocketProcessorBase.run(SocketProcessorBase.java:52) ~[tomcat-embed-core-11.0.20.jar:11.0.20]
	at org.apache.tomcat.util.threads.ThreadPoolExecutor.runWorker(ThreadPoolExecutor.java:946) ~[tomcat-embed-core-11.0.20.jar:11.0.20]
	at org.apache.tomcat.util.threads.ThreadPoolExecutor$Worker.run(ThreadPoolExecutor.java:480) ~[tomcat-embed-core-11.0.20.jar:11.0.20]
	at org.apache.tomcat.util.threads.TaskThread$WrappingRunnable.run(TaskThread.java:57) ~[tomcat-embed-core-11.0.20.jar:11.0.20]
	at java.base/java.lang.Thread.run(Thread.java:1570) ~[na:na]

